Nov  4 21:33:40 localhost systemd-hostnamed: Changed static host name to 'proxy'
Nov  4 21:33:41 localhost NetworkManager[492]: <info> Setting system hostname to 'proxy' (from system configuration)
Nov  3 22:11:11 proxy rsyslogd: [origin software="rsyslogd" swVersion="7.4.8" x-pid="367" x-info="http://www.rsyslog.com"] start
Nov  3 22:11:11 proxy kernel: [    0.000000] Initializing cgroup subsys cpuset
Nov  3 22:11:11 proxy kernel: [    0.000000] Initializing cgroup subsys cpu
Nov  3 22:11:11 proxy kernel: [    0.000000] Initializing cgroup subsys cpuacct
Nov  3 22:11:11 proxy kernel: [    0.000000] Linux version 3.15.10-201.fc20.x86_64 (mockbuild@bkernel01.phx2.fedoraproject.org) (gcc version 4.8.3 20140624 (Red Hat 4.8.3-1) (GCC) ) #1 SMP Wed Aug 27 21:10:06 UTC 2014
Nov  3 22:11:11 proxy kernel: [    0.000000] Command line: BOOT_IMAGE=/vmlinuz-3.15.10-201.fc20.x86_64 root=UUID=34fcec33-6d9f-4f86-ad2a-61a7b7f1fedd ro vconsole.font=latarcyrheb-sun16 rhgb quiet LANG=en_GB.UTF-8
Nov  3 22:11:11 proxy kernel: [    0.000000] e820: BIOS-provided physical RAM map:
Nov  3 22:11:11 proxy kernel: [    0.000000] BIOS-e820: [mem 0x0000000000000000-0x000000000009fbff] usable
Nov  3 22:11:11 proxy kernel: [    0.000000] BIOS-e820: [mem 0x000000000009fc00-0x000000000009ffff] reserved
Nov  3 22:11:11 proxy kernel: [    0.000000] BIOS-e820: [mem 0x00000000000f0000-0x00000000000fffff] reserved
Nov  3 22:11:11 proxy kernel: [    0.000000] BIOS-e820: [mem 0x0000000000100000-0x000000001b9effff] usable
Nov  3 22:11:11 proxy kernel: [    0.000000] BIOS-e820: [mem 0x000000001b9f0000-0x000000001b9fffff] ACPI data
Nov  3 22:11:11 proxy kernel: [    0.000000] BIOS-e820: [mem 0x00000000fffc0000-0x00000000ffffffff] reserved
Nov  3 22:11:11 proxy kernel: [    0.000000] NX (Execute Disable) protection: active
Nov  3 22:11:11 proxy kernel: [    0.000000] SMBIOS 2.5 present.
Nov  3 22:11:11 proxy kernel: [    0.000000] e820: last_pfn = 0x1b9f0 max_arch_pfn = 0x400000000
Nov  3 22:11:11 proxy kernel: [    0.000000] x86 PAT enabled: cpu 0, old 0x7040600070406, new 0x7010600070106
Nov  3 22:11:11 proxy kernel: [    0.000000] CPU MTRRs all blank - virtualized system.
Nov  3 22:11:11 proxy kernel: [    0.000000] found SMP MP-table at [mem 0x0009fff0-0x0009ffff] mapped at [ffff88000009fff0]
Nov  3 22:11:11 proxy kernel: [    0.000000] init_memory_mapping: [mem 0x00000000-0x000fffff]
Nov  3 22:11:11 proxy kernel: [    0.000000] init_memory_mapping: [mem 0x1b600000-0x1b7fffff]
Nov  3 22:11:11 proxy kernel: [    0.000000] init_memory_mapping: [mem 0x18000000-0x1b5fffff]
Nov  3 22:11:11 proxy kernel: [    0.000000] init_memory_mapping: [mem 0x00100000-0x17ffffff]
Nov  3 22:11:11 proxy kernel: [    0.000000] init_memory_mapping: [mem 0x1b800000-0x1b9effff]
Nov  3 22:11:11 proxy kernel: [    0.000000] RAMDISK: [mem 0x1aab8000-0x1b34bfff]
Nov  3 22:11:11 proxy kernel: [    0.000000] ACPI: RSDP 0x00000000000E0000 000024 (v02 VBOX  )
Nov  3 22:11:11 proxy kernel: [    0.000000] ACPI: XSDT 0x000000001B9F0030 00003C (v01 VBOX   VBOXXSDT 00000001 ASL  00000061)
Nov  3 22:11:11 proxy kernel: [    0.000000] ACPI: FACP 0x000000001B9F00F0 0000F4 (v04 VBOX   VBOXFACP 00000001 ASL  00000061)
Nov  3 22:11:11 proxy kernel: [    0.000000] ACPI: DSDT 0x000000001B9F0470 001B96 (v01 VBOX   VBOXBIOS 00000002 INTL 20100528)
Nov  3 22:11:11 proxy kernel: [    0.000000] ACPI: FACS 0x000000001B9F0200 000040
Nov  3 22:11:11 proxy kernel: [    0.000000] ACPI: APIC 0x000000001B9F0240 000054 (v02 VBOX   VBOXAPIC 00000001 ASL  00000061)
Nov  3 22:11:11 proxy kernel: [    0.000000] ACPI: SSDT 0x000000001B9F02A0 0001CC (v01 VBOX   VBOXCPUT 00000002 INTL 20100528)
Nov  3 22:11:11 proxy kernel: [    0.000000] No NUMA configuration found
Nov  3 22:11:11 proxy kernel: [    0.000000] Faking a node at [mem 0x0000000000000000-0x000000001b9effff]
Nov  3 22:11:11 proxy kernel: [    0.000000] Initmem setup node 0 [mem 0x00000000-0x1b9effff]
Nov  3 22:11:11 proxy kernel: [    0.000000]   NODE_DATA [mem 0x1b9dc000-0x1b9effff]
Nov  3 22:11:11 proxy kernel: [    0.000000] Zone ranges:
Nov  3 22:11:11 proxy kernel: [    0.000000]   DMA      [mem 0x00001000-0x00ffffff]
Nov  3 22:11:11 proxy kernel: [    0.000000]   DMA32    [mem 0x01000000-0xffffffff]
Nov  3 22:11:11 proxy kernel: [    0.000000]   Normal   empty
Nov  3 22:11:11 proxy kernel: [    0.000000] Movable zone start for each node
Nov  3 22:11:11 proxy kernel: [    0.000000] Early memory node ranges
Nov  3 22:11:11 proxy kernel: [    0.000000]   node   0: [mem 0x00001000-0x0009efff]
Nov  3 22:11:11 proxy kernel: [    0.000000]   node   0: [mem 0x00100000-0x1b9effff]
Nov  3 22:11:11 proxy kernel: [    0.000000] ACPI: PM-Timer IO Port: 0x4008
Nov  3 22:11:11 proxy kernel: [    0.000000] ACPI: LAPIC (acpi_id[0x00] lapic_id[0x00] enabled)
Nov  3 22:11:11 proxy kernel: [    0.000000] ACPI: IOAPIC (id[0x01] address[0xfec00000] gsi_base[0])
Nov  3 22:11:11 proxy kernel: [    0.000000] IOAPIC[0]: apic_id 1, version 17, address 0xfec00000, GSI 0-23
Nov  3 22:11:11 proxy kernel: [    0.000000] ACPI: INT_SRC_OVR (bus 0 bus_irq 0 global_irq 2 dfl dfl)
Nov  3 22:11:11 proxy kernel: [    0.000000] ACPI: INT_SRC_OVR (bus 0 bus_irq 9 global_irq 9 high level)
Nov  3 22:11:11 proxy kernel: [    0.000000] Using ACPI (MADT) for SMP configuration information
Nov  3 22:11:11 proxy kernel: [    0.000000] smpboot: Allowing 1 CPUs, 0 hotplug CPUs
Nov  3 22:11:11 proxy kernel: [    0.000000] PM: Registered nosave memory: [mem 0x0009f000-0x0009ffff]
Nov  3 22:11:11 proxy kernel: [    0.000000] PM: Registered nosave memory: [mem 0x000a0000-0x000effff]
Nov  3 22:11:11 proxy kernel: [    0.000000] PM: Registered nosave memory: [mem 0x000f0000-0x000fffff]
Nov  3 22:11:11 proxy kernel: [    0.000000] e820: [mem 0x1ba00000-0xfffbffff] available for PCI devices
Nov  3 22:11:11 proxy kernel: [    0.000000] Booting paravirtualized kernel on bare hardware
Nov  3 22:11:11 proxy kernel: [    0.000000] setup_percpu: NR_CPUS:1024 nr_cpumask_bits:1 nr_cpu_ids:1 nr_node_ids:1
Nov  3 22:11:11 proxy kernel: [    0.000000] PERCPU: Embedded 29 pages/cpu @ffff88001b600000 s86976 r8192 d23616 u2097152
Nov  3 22:11:11 proxy kernel: [    0.000000] Built 1 zonelists in Node order, mobility grouping on.  Total pages: 111249
Nov  3 22:11:11 proxy kernel: [    0.000000] Policy zone: DMA32
Nov  3 22:11:11 proxy kernel: [    0.000000] Kernel command line: BOOT_IMAGE=/vmlinuz-3.15.10-201.fc20.x86_64 root=UUID=34fcec33-6d9f-4f86-ad2a-61a7b7f1fedd ro vconsole.font=latarcyrheb-sun16 rhgb quiet LANG=en_GB.UTF-8
Nov  3 22:11:11 proxy kernel: [    0.000000] PID hash table entries: 2048 (order: 2, 16384 bytes)
Nov  3 22:11:11 proxy kernel: [    0.000000] Memory: 418132K/452152K available (7183K kernel code, 1112K rwdata, 3060K rodata, 1440K init, 1624K bss, 34020K reserved)
Nov  3 22:11:11 proxy kernel: [    0.000000] SLUB: HWalign=64, Order=0-3, MinObjects=0, CPUs=1, Nodes=1
Nov  3 22:11:11 proxy kernel: [    0.000000] Hierarchical RCU implementation.
Nov  3 22:11:11 proxy kernel: [    0.000000] 	RCU restricting CPUs from NR_CPUS=1024 to nr_cpu_ids=1.
Nov  3 22:11:11 proxy kernel: [    0.000000] RCU: Adjusting geometry for rcu_fanout_leaf=16, nr_cpu_ids=1
Nov  3 22:11:11 proxy kernel: [    0.000000] NR_IRQS:65792 nr_irqs:256 16
Nov  3 22:11:11 proxy kernel: [    0.000000] Console: colour VGA+ 80x25
Nov  3 22:11:11 proxy kernel: [    0.000000] console [tty0] enabled
Nov  3 22:11:11 proxy kernel: [    0.000000] allocated 2097152 bytes of page_cgroup
Nov  3 22:11:11 proxy kernel: [    0.000000] please try 'cgroup_disable=memory' option if you don't want memory cgroups
Nov  3 22:11:11 proxy kernel: [    0.000000] tsc: Fast TSC calibration using PIT
Nov  3 22:11:11 proxy kernel: [    0.000000] tsc: Detected 2369.973 MHz processor
Nov  3 22:11:11 proxy kernel: [    0.001029] Calibrating delay loop (skipped), value calculated using timer frequency.. 4739.94 BogoMIPS (lpj=2369973)
Nov  3 22:11:11 proxy kernel: [    0.001032] pid_max: default: 32768 minimum: 301
Nov  3 22:11:11 proxy kernel: [    0.001063] ACPI: Core revision 20140214
Nov  3 22:11:11 proxy kernel: [    0.002067] ACPI: All ACPI Tables successfully acquired
Nov  3 22:11:11 proxy kernel: [    0.002177] Security Framework initialized
Nov  3 22:11:11 proxy kernel: [    0.002190] SELinux:  Initializing.
Nov  3 22:11:11 proxy kernel: [    0.002291] Dentry cache hash table entries: 65536 (order: 7, 524288 bytes)
Nov  3 22:11:11 proxy kernel: [    0.002458] Inode-cache hash table entries: 32768 (order: 6, 262144 bytes)
Nov  3 22:11:11 proxy kernel: [    0.002536] Mount-cache hash table entries: 1024 (order: 1, 8192 bytes)
Nov  3 22:11:11 proxy kernel: [    0.002540] Mountpoint-cache hash table entries: 1024 (order: 1, 8192 bytes)
Nov  3 22:11:11 proxy kernel: [    0.003000] Initializing cgroup subsys memory
Nov  3 22:11:11 proxy kernel: [    0.003000] Initializing cgroup subsys devices
Nov  3 22:11:11 proxy kernel: [    0.003000] Initializing cgroup subsys freezer
Nov  3 22:11:11 proxy kernel: [    0.003000] Initializing cgroup subsys net_cls
Nov  3 22:11:11 proxy kernel: [    0.003000] Initializing cgroup subsys blkio
Nov  3 22:11:11 proxy kernel: [    0.003000] Initializing cgroup subsys perf_event
Nov  3 22:11:11 proxy kernel: [    0.003000] Initializing cgroup subsys net_prio
Nov  3 22:11:11 proxy kernel: [    0.003000] Initializing cgroup subsys hugetlb
Nov  3 22:11:11 proxy kernel: [    0.003000] mce: CPU supports 0 MCE banks
Nov  3 22:11:11 proxy kernel: [    0.003026] Last level iTLB entries: 4KB 512, 2MB 8, 4MB 8
Nov  3 22:11:11 proxy kernel: [    0.003026] Last level dTLB entries: 4KB 512, 2MB 32, 4MB 32, 1GB 0
Nov  3 22:11:11 proxy kernel: [    0.003026] tlb_flushall_shift: 2
Nov  3 22:11:11 proxy kernel: [    0.024422] Freeing SMP alternatives memory: 24K (ffffffff81e80000 - ffffffff81e86000)
Nov  3 22:11:11 proxy kernel: [    0.029699] ftrace: allocating 26551 entries in 104 pages
Nov  3 22:11:11 proxy kernel: [    0.043298] ..TIMER: vector=0x30 apic1=0 pin1=2 apic2=-1 pin2=-1
Nov  3 22:11:11 proxy kernel: [    0.053656] smpboot: CPU0: Intel(R) Core(TM) i7-3630QM CPU @ 2.40GHz (fam: 06, model: 3a, stepping: 09)
Nov  3 22:11:11 proxy kernel: [    0.054000] Performance Events: unsupported p6 CPU model 58 no PMU driver, software events only.
Nov  3 22:11:11 proxy kernel: [    0.054428] x86: Booted up 1 node, 1 CPUs
Nov  3 22:11:11 proxy kernel: [    0.054430] smpboot: Total of 1 processors activated (4739.94 BogoMIPS)
Nov  3 22:11:11 proxy kernel: [    0.054737] NMI watchdog: disabled (cpu0): hardware events not enabled
Nov  3 22:11:11 proxy kernel: [    0.055099] devtmpfs: initialized
Nov  3 22:11:11 proxy kernel: [    0.057960] atomic64 test passed for x86-64 platform with CX8 and with SSE
Nov  3 22:11:11 proxy kernel: [    0.057962] pinctrl core: initialized pinctrl subsystem
Nov  3 22:11:11 proxy kernel: [    0.058000] RTC time: 21:10:59, date: 11/03/14
Nov  3 22:11:11 proxy kernel: [    0.058049] NET: Registered protocol family 16
Nov  3 22:11:11 proxy kernel: [    0.058143] cpuidle: using governor menu
Nov  3 22:11:11 proxy kernel: [    0.058186] ACPI: bus type PCI registered
Nov  3 22:11:11 proxy kernel: [    0.058188] acpiphp: ACPI Hot Plug PCI Controller Driver version: 0.5
Nov  3 22:11:11 proxy kernel: [    0.058288] PCI: Using configuration type 1 for base access
Nov  3 22:11:11 proxy kernel: [    0.059519] ACPI: Added _OSI(Module Device)
Nov  3 22:11:11 proxy kernel: [    0.059521] ACPI: Added _OSI(Processor Device)
Nov  3 22:11:11 proxy kernel: [    0.059522] ACPI: Added _OSI(3.0 _SCP Extensions)
Nov  3 22:11:11 proxy kernel: [    0.059523] ACPI: Added _OSI(Processor Aggregator Device)
Nov  3 22:11:11 proxy kernel: [    0.060049] ACPI: Executed 1 blocks of module-level executable AML code
Nov  3 22:11:11 proxy kernel: [    0.062266] ACPI: Interpreter enabled
Nov  3 22:11:11 proxy kernel: [    0.062280] ACPI Exception: AE_NOT_FOUND, While evaluating Sleep State [\_S1_] (20140214/hwxface-580)
Nov  3 22:11:11 proxy kernel: [    0.062286] ACPI Exception: AE_NOT_FOUND, While evaluating Sleep State [\_S2_] (20140214/hwxface-580)
Nov  3 22:11:11 proxy kernel: [    0.062288] ACPI Exception: AE_NOT_FOUND, While evaluating Sleep State [\_S3_] (20140214/hwxface-580)
Nov  3 22:11:11 proxy kernel: [    0.062292] ACPI Exception: AE_NOT_FOUND, While evaluating Sleep State [\_S4_] (20140214/hwxface-580)
Nov  3 22:11:11 proxy kernel: [    0.062300] ACPI: (supports S0 S5)
Nov  3 22:11:11 proxy kernel: [    0.062303] ACPI: Using IOAPIC for interrupt routing
Nov  3 22:11:11 proxy kernel: [    0.062514] PCI: Ignoring host bridge windows from ACPI; if necessary, use "pci=use_crs" and report a bug
Nov  3 22:11:11 proxy kernel: [    0.064989] ACPI: PCI Root Bridge [PCI0] (domain 0000 [bus 00-ff])
Nov  3 22:11:11 proxy kernel: [    0.064995] acpi PNP0A03:00: _OSC: OS supports [ASPM ClockPM Segments MSI]
Nov  3 22:11:11 proxy kernel: [    0.065000] acpi PNP0A03:00: _OSC failed (AE_NOT_FOUND); disabling ASPM
Nov  3 22:11:11 proxy kernel: [    0.065083] acpi PNP0A03:00: fail to add MMCONFIG information, can't access extended PCI configuration space under this bridge.
Nov  3 22:11:11 proxy kernel: [    0.065300] PCI host bridge to bus 0000:00
Nov  3 22:11:11 proxy kernel: [    0.065303] pci_bus 0000:00: root bus resource [bus 00-ff]
Nov  3 22:11:11 proxy kernel: [    0.065305] pci_bus 0000:00: root bus resource [io  0x0000-0xffff]
Nov  3 22:11:11 proxy kernel: [    0.065306] pci_bus 0000:00: root bus resource [mem 0x00000000-0xfffffffff]
Nov  3 22:11:11 proxy kernel: [    0.067219] pci 0000:00:01.1: legacy IDE quirk: reg 0x10: [io  0x01f0-0x01f7]
Nov  3 22:11:11 proxy kernel: [    0.067221] pci 0000:00:01.1: legacy IDE quirk: reg 0x14: [io  0x03f6]
Nov  3 22:11:11 proxy kernel: [    0.067222] pci 0000:00:01.1: legacy IDE quirk: reg 0x18: [io  0x0170-0x0177]
Nov  3 22:11:11 proxy kernel: [    0.067223] pci 0000:00:01.1: legacy IDE quirk: reg 0x1c: [io  0x0376]
Nov  3 22:11:11 proxy kernel: [    0.094025] ACPI: PCI Interrupt Link [LNKA] (IRQs 5 9 10 *11)
Nov  3 22:11:11 proxy kernel: [    0.094229] ACPI: PCI Interrupt Link [LNKB] (IRQs 5 9 10 *11)
Nov  3 22:11:11 proxy kernel: [    0.094306] ACPI: PCI Interrupt Link [LNKC] (IRQs 5 9 *10 11)
Nov  3 22:11:11 proxy kernel: [    0.094383] ACPI: PCI Interrupt Link [LNKD] (IRQs 5 *9 10 11)
Nov  3 22:11:11 proxy kernel: [    0.094536] ACPI: Enabled 1 GPEs in block 00 to 07
Nov  3 22:11:11 proxy kernel: [    0.094770] vgaarb: device added: PCI:0000:00:02.0,decodes=io+mem,owns=io+mem,locks=none
Nov  3 22:11:11 proxy kernel: [    0.094773] vgaarb: loaded
Nov  3 22:11:11 proxy kernel: [    0.094774] vgaarb: bridge control possible 0000:00:02.0
Nov  3 22:11:11 proxy kernel: [    0.094867] SCSI subsystem initialized
Nov  3 22:11:11 proxy kernel: [    0.094960] ACPI: bus type USB registered
Nov  3 22:11:11 proxy kernel: [    0.094982] usbcore: registered new interface driver usbfs
Nov  3 22:11:11 proxy kernel: [    0.094990] usbcore: registered new interface driver hub
Nov  3 22:11:11 proxy kernel: [    0.095000] usbcore: registered new device driver usb
Nov  3 22:11:11 proxy kernel: [    0.095000] PCI: Using ACPI for IRQ routing
Nov  3 22:11:11 proxy kernel: [    0.095247] NetLabel: Initializing
Nov  3 22:11:11 proxy kernel: [    0.095248] NetLabel:  domain hash size = 128
Nov  3 22:11:11 proxy kernel: [    0.095249] NetLabel:  protocols = UNLABELED CIPSOv4
Nov  3 22:11:11 proxy kernel: [    0.095262] NetLabel:  unlabeled traffic allowed by default
Nov  3 22:11:11 proxy kernel: [    0.095312] Switched to clocksource refined-jiffies
Nov  3 22:11:11 proxy kernel: [    0.100395] pnp: PnP ACPI init
Nov  3 22:11:11 proxy kernel: [    0.100408] ACPI: bus type PNP registered
Nov  3 22:11:11 proxy kernel: [    0.101087] pnp: PnP ACPI: found 4 devices
Nov  3 22:11:11 proxy kernel: [    0.101088] ACPI: bus type PNP unregistered
Nov  3 22:11:11 proxy kernel: [    0.107093] Switched to clocksource acpi_pm
Nov  3 22:11:11 proxy kernel: [    0.107170] NET: Registered protocol family 2
Nov  3 22:11:11 proxy kernel: [    0.108391] TCP established hash table entries: 4096 (order: 3, 32768 bytes)
Nov  3 22:11:11 proxy kernel: [    0.108415] TCP bind hash table entries: 4096 (order: 4, 65536 bytes)
Nov  3 22:11:11 proxy kernel: [    0.108433] TCP: Hash tables configured (established 4096 bind 4096)
Nov  3 22:11:11 proxy kernel: [    0.108457] TCP: reno registered
Nov  3 22:11:11 proxy kernel: [    0.108464] UDP hash table entries: 256 (order: 1, 8192 bytes)
Nov  3 22:11:11 proxy kernel: [    0.108468] UDP-Lite hash table entries: 256 (order: 1, 8192 bytes)
Nov  3 22:11:11 proxy kernel: [    0.108542] NET: Registered protocol family 1
Nov  3 22:11:11 proxy kernel: [    0.108574] pci 0000:00:00.0: Limiting direct PCI/PCI transfers
Nov  3 22:11:11 proxy kernel: [    0.108632] pci 0000:00:01.0: Activating ISA DMA hang workarounds
Nov  3 22:11:11 proxy kernel: [    0.161992] Unpacking initramfs...
Nov  3 22:11:11 proxy kernel: [    0.286737] Freeing initrd memory: 8784K (ffff88001aab8000 - ffff88001b34c000)
Nov  3 22:11:11 proxy kernel: [    0.286842] platform rtc_cmos: registered platform RTC device (no PNP device found)
Nov  3 22:11:11 proxy kernel: [    0.286892] RAPL PMU detected, hw unit 2^-0 Joules, API unit is 2^-32 Joules, 3 fixed counters 10737418240 ms ovfl timer
Nov  3 22:11:11 proxy kernel: [    0.287293] futex hash table entries: 256 (order: 2, 16384 bytes)
Nov  3 22:11:11 proxy kernel: [    0.287304] Initialise system trusted keyring
Nov  3 22:11:11 proxy kernel: [    0.287325] audit: initializing netlink subsys (disabled)
Nov  3 22:11:11 proxy kernel: [    0.287341] audit: type=2000 audit(1415049059.287:1): initialized
Nov  3 22:11:11 proxy kernel: [    0.308694] HugeTLB registered 2 MB page size, pre-allocated 0 pages
Nov  3 22:11:11 proxy kernel: [    0.310166] zbud: loaded
Nov  3 22:11:11 proxy kernel: [    0.310330] VFS: Disk quotas dquot_6.5.2
Nov  3 22:11:11 proxy kernel: [    0.310362] Dquot-cache hash table entries: 512 (order 0, 4096 bytes)
Nov  3 22:11:11 proxy kernel: [    0.310680] msgmni has been set to 833
Nov  3 22:11:11 proxy kernel: [    0.310730] Key type big_key registered
Nov  3 22:11:11 proxy kernel: [    0.311517] alg: No test for stdrng (krng)
Nov  3 22:11:11 proxy kernel: [    0.311521] NET: Registered protocol family 38
Nov  3 22:11:11 proxy kernel: [    0.311523] Key type asymmetric registered
Nov  3 22:11:11 proxy kernel: [    0.311524] Asymmetric key parser 'x509' registered
Nov  3 22:11:11 proxy kernel: [    0.311559] Block layer SCSI generic (bsg) driver version 0.4 loaded (major 252)
Nov  3 22:11:11 proxy kernel: [    0.311601] io scheduler noop registered
Nov  3 22:11:11 proxy kernel: [    0.311602] io scheduler deadline registered
Nov  3 22:11:11 proxy kernel: [    0.311630] io scheduler cfq registered (default)
Nov  3 22:11:11 proxy kernel: [    0.311726] pci_hotplug: PCI Hot Plug PCI Core version: 0.5
Nov  3 22:11:11 proxy kernel: [    0.311741] pciehp: PCI Express Hot Plug Controller Driver version: 0.4
Nov  3 22:11:11 proxy kernel: [    0.311922] ACPI: AC Adapter [AC] (off-line)
Nov  3 22:11:11 proxy kernel: [    0.311988] input: Power Button as /devices/LNXSYSTM:00/LNXPWRBN:00/input/input0
Nov  3 22:11:11 proxy kernel: [    0.311993] ACPI: Power Button [PWRF]
Nov  3 22:11:11 proxy kernel: [    0.312117] input: Sleep Button as /devices/LNXSYSTM:00/LNXSLPBN:00/input/input1
Nov  3 22:11:11 proxy kernel: [    0.312120] ACPI: Sleep Button [SLPF]
Nov  3 22:11:11 proxy kernel: [    0.312322] GHES: HEST is not enabled!
Nov  3 22:11:11 proxy kernel: [    0.312388] Serial: 8250/16550 driver, 4 ports, IRQ sharing enabled
Nov  3 22:11:11 proxy kernel: [    0.312782] Non-volatile memory driver v1.3
Nov  3 22:11:11 proxy kernel: [    0.312783] Linux agpgart interface v0.103
Nov  3 22:11:11 proxy kernel: [    0.314187] ahci 0000:00:0d.0: SSS flag set, parallel bus scan disabled
Nov  3 22:11:11 proxy kernel: [    0.314360] ahci 0000:00:0d.0: AHCI 0001.0100 32 slots 1 ports 3 Gbps 0x1 impl SATA mode
Nov  3 22:11:11 proxy kernel: [    0.314363] ahci 0000:00:0d.0: flags: 64bit ncq stag only ccc 
Nov  3 22:11:11 proxy kernel: [    0.315087] ACPI: Battery Slot [BAT0] (battery present)
Nov  3 22:11:11 proxy kernel: [    0.315124] scsi0 : ahci
Nov  3 22:11:11 proxy kernel: [    0.315209] ata1: SATA max UDMA/133 abar m8192@0xf0842000 port 0xf0842100 irq 21
Nov  3 22:11:11 proxy kernel: [    0.315722] scsi1 : ata_piix
Nov  3 22:11:11 proxy kernel: [    0.315794] scsi2 : ata_piix
Nov  3 22:11:11 proxy kernel: [    0.315831] ata2: PATA max UDMA/33 cmd 0x1f0 ctl 0x3f6 bmdma 0xd000 irq 14
Nov  3 22:11:11 proxy kernel: [    0.315832] ata3: PATA max UDMA/33 cmd 0x170 ctl 0x376 bmdma 0xd008 irq 15
Nov  3 22:11:11 proxy kernel: [    0.315883] libphy: Fixed MDIO Bus: probed
Nov  3 22:11:11 proxy kernel: [    0.316049] ehci_hcd: USB 2.0 'Enhanced' Host Controller (EHCI) Driver
Nov  3 22:11:11 proxy kernel: [    0.316055] ehci-pci: EHCI PCI platform driver
Nov  3 22:11:11 proxy kernel: [    0.316561] ehci-pci 0000:00:0b.0: EHCI Host Controller
Nov  3 22:11:11 proxy kernel: [    0.316609] ehci-pci 0000:00:0b.0: new USB bus registered, assigned bus number 1
Nov  3 22:11:11 proxy kernel: [    0.316789] ehci-pci 0000:00:0b.0: irq 19, io mem 0xf0840000
Nov  3 22:11:11 proxy kernel: [    0.322197] ehci-pci 0000:00:0b.0: USB 2.0 started, EHCI 1.00
Nov  3 22:11:11 proxy kernel: [    0.322278] usb usb1: New USB device found, idVendor=1d6b, idProduct=0002
Nov  3 22:11:11 proxy kernel: [    0.322281] usb usb1: New USB device strings: Mfr=3, Product=2, SerialNumber=1
Nov  3 22:11:11 proxy kernel: [    0.322283] usb usb1: Product: EHCI Host Controller
Nov  3 22:11:11 proxy kernel: [    0.322284] usb usb1: Manufacturer: Linux 3.15.10-201.fc20.x86_64 ehci_hcd
Nov  3 22:11:11 proxy kernel: [    0.322285] usb usb1: SerialNumber: 0000:00:0b.0
Nov  3 22:11:11 proxy kernel: [    0.322440] hub 1-0:1.0: USB hub found
Nov  3 22:11:11 proxy kernel: [    0.322448] hub 1-0:1.0: 8 ports detected
Nov  3 22:11:11 proxy kernel: [    0.322753] ohci_hcd: USB 1.1 'Open' Host Controller (OHCI) Driver
Nov  3 22:11:11 proxy kernel: [    0.322765] ohci-pci: OHCI PCI platform driver
Nov  3 22:11:11 proxy kernel: [    0.323511] ohci-pci 0000:00:06.0: OHCI PCI host controller
Nov  3 22:11:11 proxy kernel: [    0.323619] ohci-pci 0000:00:06.0: new USB bus registered, assigned bus number 2
Nov  3 22:11:11 proxy kernel: [    0.323757] ohci-pci 0000:00:06.0: irq 22, io mem 0xf0804000
Nov  3 22:11:11 proxy kernel: [    0.375585] usb usb2: New USB device found, idVendor=1d6b, idProduct=0001
Nov  3 22:11:11 proxy kernel: [    0.375589] usb usb2: New USB device strings: Mfr=3, Product=2, SerialNumber=1
Nov  3 22:11:11 proxy kernel: [    0.375590] usb usb2: Product: OHCI PCI host controller
Nov  3 22:11:11 proxy kernel: [    0.375592] usb usb2: Manufacturer: Linux 3.15.10-201.fc20.x86_64 ohci_hcd
Nov  3 22:11:11 proxy kernel: [    0.375593] usb usb2: SerialNumber: 0000:00:06.0
Nov  3 22:11:11 proxy kernel: [    0.375723] hub 2-0:1.0: USB hub found
Nov  3 22:11:11 proxy kernel: [    0.375736] hub 2-0:1.0: 8 ports detected
Nov  3 22:11:11 proxy kernel: [    0.375997] uhci_hcd: USB Universal Host Controller Interface driver
Nov  3 22:11:11 proxy kernel: [    0.376053] usbcore: registered new interface driver usbserial
Nov  3 22:11:11 proxy kernel: [    0.376060] usbcore: registered new interface driver usbserial_generic
Nov  3 22:11:11 proxy kernel: [    0.376067] usbserial: USB Serial support registered for generic
Nov  3 22:11:11 proxy kernel: [    0.376089] i8042: PNP: PS/2 Controller [PNP0303:PS2K,PNP0f03:PS2M] at 0x60,0x64 irq 1,12
Nov  3 22:11:11 proxy kernel: [    0.376952] serio: i8042 KBD port at 0x60,0x64 irq 1
Nov  3 22:11:11 proxy kernel: [    0.376958] serio: i8042 AUX port at 0x60,0x64 irq 12
Nov  3 22:11:11 proxy kernel: [    0.377039] mousedev: PS/2 mouse device common for all mice
Nov  3 22:11:11 proxy kernel: [    0.377393] input: AT Translated Set 2 keyboard as /devices/platform/i8042/serio0/input/input2
Nov  3 22:11:11 proxy kernel: [    0.380351] rtc_cmos rtc_cmos: rtc core: registered rtc_cmos as rtc0
Nov  3 22:11:11 proxy kernel: [    0.380415] rtc_cmos rtc_cmos: alarms up to one day, 114 bytes nvram
Nov  3 22:11:11 proxy kernel: [    0.380487] device-mapper: uevent: version 1.0.3
Nov  3 22:11:11 proxy kernel: [    0.380544] device-mapper: ioctl: 4.27.0-ioctl (2013-10-30) initialised: dm-devel@redhat.com
Nov  3 22:11:11 proxy kernel: [    0.380638] hidraw: raw HID events driver (C) Jiri Kosina
Nov  3 22:11:11 proxy kernel: [    0.380724] usbcore: registered new interface driver usbhid
Nov  3 22:11:11 proxy kernel: [    0.380725] usbhid: USB HID core driver
Nov  3 22:11:11 proxy kernel: [    0.380742] drop_monitor: Initializing network drop monitor service
Nov  3 22:11:11 proxy kernel: [    0.380790] ip_tables: (C) 2000-2006 Netfilter Core Team
Nov  3 22:11:11 proxy kernel: [    0.380821] TCP: cubic registered
Nov  3 22:11:11 proxy kernel: [    0.380823] Initializing XFRM netlink socket
Nov  3 22:11:11 proxy kernel: [    0.380913] NET: Registered protocol family 10
Nov  3 22:11:11 proxy kernel: [    0.381143] mip6: Mobile IPv6
Nov  3 22:11:11 proxy kernel: [    0.381145] NET: Registered protocol family 17
Nov  3 22:11:11 proxy kernel: [    0.381321] Loading compiled-in X.509 certificates
Nov  3 22:11:11 proxy kernel: [    0.381991] Loaded X.509 cert 'Fedora kernel signing key: face9a92c2a9899c33b6461913e84fedec86a817'
Nov  3 22:11:11 proxy kernel: [    0.382000] registered taskstats version 1
Nov  3 22:11:11 proxy kernel: [    0.382436]   Magic number: 6:101:196
Nov  3 22:11:11 proxy kernel: [    0.382523] rtc_cmos rtc_cmos: setting system clock to 2014-11-03 21:11:00 UTC (1415049060)
Nov  3 22:11:11 proxy kernel: [    0.468869] ata3.00: ATAPI: VBOX CD-ROM, 1.0, max UDMA/133
Nov  3 22:11:11 proxy kernel: [    0.469334] ata3.00: configured for UDMA/33
Nov  3 22:11:11 proxy kernel: [    0.585018] input: ImExPS/2 Generic Explorer Mouse as /devices/platform/i8042/serio1/input/input4
Nov  3 22:11:11 proxy kernel: [    0.620139] ata1: SATA link up 3.0 Gbps (SStatus 123 SControl 300)
Nov  3 22:11:11 proxy kernel: [    0.620345] ata1.00: ATA-6: VBOX HARDDISK, 1.0, max UDMA/133
Nov  3 22:11:11 proxy kernel: [    0.620347] ata1.00: 61974176 sectors, multi 128: LBA48 NCQ (depth 31/32)
Nov  3 22:11:11 proxy kernel: [    0.620568] ata1.00: configured for UDMA/133
Nov  3 22:11:11 proxy kernel: [    0.620683] scsi 0:0:0:0: Direct-Access     ATA      VBOX HARDDISK    1.0  PQ: 0 ANSI: 5
Nov  3 22:11:11 proxy kernel: [    0.620872] sd 0:0:0:0: Attached scsi generic sg0 type 0
Nov  3 22:11:11 proxy kernel: [    0.621129] sd 0:0:0:0: [sda] 61974176 512-byte logical blocks: (31.7 GB/29.5 GiB)
Nov  3 22:11:11 proxy kernel: [    0.621218] sd 0:0:0:0: [sda] Write Protect is off
Nov  3 22:11:11 proxy kernel: [    0.621247] sd 0:0:0:0: [sda] Write cache: enabled, read cache: enabled, doesn't support DPO or FUA
Nov  3 22:11:11 proxy kernel: [    0.621670] scsi 2:0:0:0: CD-ROM            VBOX     CD-ROM           1.0  PQ: 0 ANSI: 5
Nov  3 22:11:11 proxy kernel: [    0.622409] sr0: scsi3-mmc drive: 32x/32x xa/form2 tray
Nov  3 22:11:11 proxy kernel: [    0.622412] cdrom: Uniform CD-ROM driver Revision: 3.20
Nov  3 22:11:11 proxy kernel: [    0.622550] sr 2:0:0:0: Attached scsi generic sg1 type 5
Nov  3 22:11:11 proxy kernel: [    0.644277]  sda: sda1 sda2 sda3
Nov  3 22:11:11 proxy kernel: [    0.644560] sd 0:0:0:0: [sda] Attached SCSI disk
Nov  3 22:11:11 proxy kernel: [    0.645252] Freeing unused kernel memory: 1440K (ffffffff81d18000 - ffffffff81e80000)
Nov  3 22:11:11 proxy kernel: [    0.645255] Write protecting the kernel read-only data: 12288k
Nov  3 22:11:11 proxy kernel: [    0.647270] Freeing unused kernel memory: 996K (ffff880001707000 - ffff880001800000)
Nov  3 22:11:11 proxy kernel: [    0.649938] Freeing unused kernel memory: 1036K (ffff880001afd000 - ffff880001c00000)
Nov  3 22:11:11 proxy kernel: [    0.652805] random: systemd urandom read with 17 bits of entropy available
Nov  3 22:11:11 proxy kernel: [    0.743408] usb 2-1: new full-speed USB device number 2 using ohci-pci
Nov  3 22:11:11 proxy kernel: [    0.947259] usb 2-1: New USB device found, idVendor=80ee, idProduct=0021
Nov  3 22:11:11 proxy kernel: [    0.947263] usb 2-1: New USB device strings: Mfr=1, Product=3, SerialNumber=0
Nov  3 22:11:11 proxy kernel: [    0.947265] usb 2-1: Product: USB Tablet
Nov  3 22:11:11 proxy kernel: [    0.947267] usb 2-1: Manufacturer: VirtualBox
Nov  3 22:11:11 proxy kernel: [    0.958200] input: VirtualBox USB Tablet as /devices/pci0000:00/0000:00:06.0/usb2/2-1/2-1:1.0/0003:80EE:0021.0001/input/input5
Nov  3 22:11:11 proxy kernel: [    0.958307] hid-generic 0003:80EE:0021.0001: input,hidraw0: USB HID v1.10 Mouse [VirtualBox USB Tablet] on usb-0000:00:06.0-1/input0
Nov  3 22:11:11 proxy kernel: [    1.101279] PM: Starting manual resume from disk
Nov  3 22:11:11 proxy kernel: [    1.174189] EXT4-fs (sda3): mounted filesystem with ordered data mode. Opts: (null)
Nov  3 22:11:11 proxy kernel: [    1.288078] tsc: Refined TSC clocksource calibration: 2369.657 MHz
Nov  3 22:11:11 proxy kernel: [    1.452254] random: nonblocking pool is initialized
Nov  3 22:11:11 proxy kernel: [    2.001521] audit: type=1404 audit(1415049062.118:2): enforcing=1 old_enforcing=0 auid=4294967295 ses=4294967295
Nov  3 22:11:11 proxy kernel: [    2.205942] audit: type=1403 audit(1415049062.322:3): policy loaded auid=4294967295 ses=4294967295
Nov  3 22:11:11 proxy kernel: [    2.288950] Switched to clocksource tsc
Nov  3 22:11:11 proxy kernel: [    4.378018] EXT4-fs (sda3): re-mounted. Opts: (null)
Nov  3 22:11:11 proxy kernel: [    4.755200] RPC: Registered named UNIX socket transport module.
Nov  3 22:11:11 proxy kernel: [    4.755203] RPC: Registered udp transport module.
Nov  3 22:11:11 proxy kernel: [    4.755204] RPC: Registered tcp transport module.
Nov  3 22:11:11 proxy kernel: [    4.755205] RPC: Registered tcp NFSv4.1 backchannel transport module.
Nov  3 22:11:11 proxy kernel: [    4.949088] Installing knfsd (copyright (C) 1996 okir@monad.swb.de).
Nov  3 22:11:11 proxy kernel: [    5.685285] piix4_smbus 0000:00:07.0: SMBus base address uninitialized - upgrade BIOS or use force_addr=0xaddr
Nov  3 22:11:11 proxy kernel: [    5.842645] vboxguest: module verification failed: signature and/or  required key missing - tainting kernel
Nov  3 22:11:11 proxy kernel: [    5.846131] input: Unspecified device as /devices/pci0000:00/0000:00:04.0/input/input6
Nov  3 22:11:11 proxy kernel: [    5.847650] vboxguest: major 0, IRQ 20, I/O port d020, MMIO at 00000000f0400000 (size 0x400000)
Nov  3 22:11:11 proxy kernel: [    6.001358] microcode: CPU0 sig=0x306a9, pf=0x2, revision=0x19
Nov  3 22:11:11 proxy kernel: [    6.196260] [drm] Initialized drm 1.1.0 20060810
Nov  3 22:11:11 proxy kernel: [    6.209748] parport_pc 00:03: reported by Plug and Play ACPI
Nov  3 22:11:11 proxy kernel: [    6.247807] ppdev: user-space parallel port driver
Nov  3 22:11:11 proxy kernel: [    6.262527] [drm] Supports vblank timestamp caching Rev 2 (21.10.2013).
Nov  3 22:11:11 proxy kernel: [    6.262528] [drm] No driver support for vblank timestamp query.
Nov  3 22:11:11 proxy kernel: [    6.262529] [drm] Initialized vboxvideo 1.0.0 20090303 for 0000:00:02.0 on minor 0
Nov  3 22:11:11 proxy kernel: [    6.299117] microcode: CPU0 sig=0x306a9, pf=0x2, revision=0x19
Nov  3 22:11:11 proxy kernel: [    6.299122] microcode: CPU0 update to revision 0x1b failed
Nov  3 22:11:11 proxy kernel: [    6.299185] microcode: Microcode Update Driver: v2.00 <tigran@aivazian.fsnet.co.uk>, Peter Oruba
Nov  3 22:11:11 proxy kernel: [    6.401185] e1000: Intel(R) PRO/1000 Network Driver - version 7.3.21-k8-NAPI
Nov  3 22:11:11 proxy kernel: [    6.401189] e1000: Copyright (c) 1999-2006 Intel Corporation.
Nov  3 22:11:11 proxy kernel: [    6.758972] e1000 0000:00:03.0 eth0: (PCI:33MHz:32-bit) 08:00:27:3e:d9:50
Nov  3 22:11:11 proxy kernel: [    6.758979] e1000 0000:00:03.0 eth0: Intel(R) PRO/1000 Network Connection
Nov  3 22:11:11 proxy kernel: [    7.121564] e1000 0000:00:08.0 eth1: (PCI:33MHz:32-bit) 08:00:27:22:09:15
Nov  3 22:11:11 proxy kernel: [    7.121570] e1000 0000:00:08.0 eth1: Intel(R) PRO/1000 Network Connection
Nov  3 22:11:11 proxy kernel: [    7.666027] EXT4-fs (sda1): mounted filesystem with ordered data mode. Opts: (null)
Nov  3 22:11:11 proxy kernel: [    7.693144] Adding 1605628k swap on /dev/sda2.  Priority:-1 extents:1 across:1605628k FS
Nov  3 22:11:11 proxy kernel: [    7.787174] snd_intel8x0 0000:00:05.0: intel8x0_measure_ac97_clock: measured 51123 usecs (14429 samples)
Nov  3 22:11:11 proxy kernel: [    7.787178] snd_intel8x0 0000:00:05.0: measured clock 282240 rejected
Nov  3 22:11:11 proxy kernel: [    8.139163] snd_intel8x0 0000:00:05.0: intel8x0_measure_ac97_clock: measured 50996 usecs (14420 samples)
Nov  3 22:11:11 proxy kernel: [    8.139167] snd_intel8x0 0000:00:05.0: measured clock 282767 rejected
Nov  3 22:11:11 proxy kernel: [    8.237279] audit: type=1305 audit(1415049068.354:4): audit_pid=329 old=0 auid=4294967295 ses=4294967295 subj=system_u:system_r:auditd_t:s0 res=1
Nov  3 22:11:11 proxy kernel: [    8.491149] snd_intel8x0 0000:00:05.0: intel8x0_measure_ac97_clock: measured 50944 usecs (14230 samples)
Nov  3 22:11:11 proxy kernel: [    8.491158] snd_intel8x0 0000:00:05.0: measured clock 279326 rejected
Nov  3 22:11:11 proxy kernel: [    8.491160] snd_intel8x0 0000:00:05.0: clocking to 48000
Nov  8 13:25:42 proxy systemd: Stopping Session 3 of user mike.
Nov  8 13:25:42 proxy systemd: Stopping Sound Card.
Nov  8 13:25:42 proxy systemd: Stopped target Sound Card.
Nov  8 13:25:42 proxy systemd: Stopping User Manager for 1000...
Nov  8 13:25:42 proxy systemd: Stopping User Manager for 0...
Nov  8 13:25:42 proxy systemd: Stopping Multi-User System.
Nov  8 13:25:42 proxy systemd: Stopped target Multi-User System.
Nov  8 13:25:42 proxy systemd: Stopping LSB: VirtualBox Linux Additions kernel modules...
Nov  8 13:25:42 proxy systemd: Stopping LSB: VirtualBox Additions service...
Nov  8 13:25:42 proxy systemd: Stopping OpenSSH server daemon...
Nov  8 13:25:42 proxy systemd: Stopping System Logging Service...
Nov  8 13:25:42 proxy systemd: Stopping Command Scheduler...
Nov  8 13:25:42 proxy systemd: systemd-logind.service holdoff time over, scheduling restart.
Nov  8 13:25:42 proxy systemd: Requested transaction contradicts existing jobs: Transaction is destructive.
Nov  8 13:25:42 proxy systemd: systemd-logind.service failed to schedule restart job: Transaction is destructive.
Nov  8 13:25:42 proxy systemd: Stopped OpenSSH server daemon.
Nov  8 13:25:42 proxy NetworkManager: g_dbus_connection_real_closed: Remote peer vanished with error: Underlying GIOStream returned 0 bytes on an async read (g-io-error-quark, 0). Exiting.
Nov  8 13:25:42 proxy NetworkManager[492]: <warn> disconnected by the system bus.
Nov  8 13:25:42 proxy systemd[1]: bus_connection_get_unix_fd failed Bad file descriptor
Nov  8 13:25:42 proxy systemd[1]: Failed to get caller's security context on: Bad file descriptor
Nov  8 13:25:42 proxy systemd[1]: Unit firewalld.service entered failed state.
Nov  8 13:25:42 proxy systemd[1]: Unit systemd-logind.service entered failed state.
Nov  8 13:25:42 proxy systemd: Stopped Command Scheduler.
Nov  8 13:25:42 proxy systemd: Stopped Getty on tty1.
Nov  8 13:25:42 proxy systemd: Stopped D-Bus System Message Bus.
Nov  8 13:25:42 proxy systemd: mcelog.service: main process exited, code=exited, status=15/n/a
Nov  8 13:25:43 proxy systemd: Stopped Machine Check Exception Logging Daemon.
Nov  8 13:25:43 proxy systemd: Unit mcelog.service entered failed state.
Nov  8 13:25:43 proxy systemd: Starting Show Plymouth Reboot Screen...
Nov  8 13:25:43 proxy systemd: Started Restore /run/initramfs.
Nov  8 13:25:43 proxy systemd: Stopping system-getty.slice.
Nov  8 13:25:43 proxy systemd: Removed slice system-getty.slice.
Nov  8 13:25:43 proxy systemd: Stopped Install ABRT coredump hook.
Nov  8 13:25:43 proxy systemd: Stopping ABRT Automated Bug Reporting Tool...
Nov  8 13:25:43 proxy smartd[347]: smartd received signal 15: Terminated
Nov  8 13:25:43 proxy systemd: Stopped Job spooling tools.
Nov  8 13:25:43 proxy smartd[347]: smartd is exiting (exit status 0)
Nov  8 13:25:43 proxy systemd: Stopped LSB: VirtualBox Linux Additions kernel modules.
Nov  8 13:25:43 proxy systemd: Stopping Default.
Nov  8 13:25:44 proxy systemd: Stopped target Default.
Nov  8 13:25:44 proxy systemd: Starting Shutdown.
Nov  8 13:25:44 proxy systemd: Reached target Shutdown.
Nov  8 13:25:44 proxy systemd: Starting Exit the Session...
Nov  8 13:25:44 proxy systemd: Received SIGRTMIN+24 from PID 3145 (kill).
Nov  8 13:25:44 proxy systemd: Stopped User Manager for 1000.
Nov  8 13:25:44 proxy systemd: Stopped System Logging Service.
Nov  8 13:25:44 proxy systemd: Stopped Self Monitoring and Reporting Technology (SMART) Daemon.
Nov  8 13:25:44 proxy systemd: Received SIGRTMIN+20 from PID 3124 (plymouthd).
Nov  8 13:25:44 proxy systemd: Started Show Plymouth Reboot Screen.
Nov  8 13:25:44 proxy systemd: Stopping Default.
Nov  8 13:25:44 proxy systemd: Stopped target Default.
Nov  8 13:25:44 proxy systemd: Starting Shutdown.
Nov  8 13:25:44 proxy systemd: Reached target Shutdown.
Nov  8 13:25:44 proxy systemd: Starting Exit the Session...
Nov  8 13:25:44 proxy systemd: Received SIGRTMIN+24 from PID 3156 (kill).
Nov  8 13:25:44 proxy systemd: Stopped User Manager for 0.
Nov  8 13:25:44 proxy systemd: Stopping user-0.slice.
Nov  8 13:25:44 proxy systemd: Removed slice user-0.slice.
Nov  8 13:25:44 proxy abrtd: Got signal 15, exiting
Nov  8 13:25:44 proxy systemd: Stopped ABRT Automated Bug Reporting Tool.
Nov  8 13:25:44 proxy sysctl: fs.nfs.nlm_tcpport = 0
Nov  8 13:25:44 proxy sysctl: fs.nfs.nlm_udpport = 0
Nov  8 13:25:44 proxy systemd: Stopped NFS file locking service..
Nov  8 13:25:44 proxy systemd: Stopping RPC bind service...
Nov  8 13:25:44 proxy systemd: Stopping Network.
Nov  8 13:25:44 proxy systemd: Stopped target Network.
Nov  8 13:25:44 proxy systemd: Stopping Network Manager...
Nov  8 13:25:44 proxy NetworkManager[492]: <info> caught signal 15, shutting down normally.
Nov  8 13:25:44 proxy NetworkManager[492]: <info> (p2p1): device state change: unavailable -> unmanaged (reason 'removed') [20 10 36]
Nov  8 13:25:44 proxy NetworkManager[492]: <info> (p2p1): taking down device.
Nov  8 13:25:44 proxy NetworkManager[492]: <info> (p7p1): device state change: unavailable -> unmanaged (reason 'removed') [20 10 36]
Nov  8 13:25:44 proxy NetworkManager[492]: <info> (p7p1): taking down device.
Nov  8 13:25:44 proxy rpcbind: rpcbind terminating on signal. Restart with "rpcbind -w"
Nov  8 13:25:44 proxy NetworkManager[492]: <info> exiting (success)
Nov  8 13:25:44 proxy systemd: rpcbind.service: main process exited, code=exited, status=2/INVALIDARGUMENT
Nov  8 13:25:44 proxy systemd: Stopped RPC bind service.
Nov  8 13:25:44 proxy systemd: Unit rpcbind.service entered failed state.
Nov  8 13:25:44 proxy systemd: Stopped Network Manager.
Nov  8 13:25:44 proxy systemd: Stopped Session 3 of user mike.
Nov  8 13:25:44 proxy systemd: Stopping user-1000.slice.
Nov  8 13:25:44 proxy systemd: Removed slice user-1000.slice.
Nov  8 13:25:44 proxy systemd: Stopping Permit User Sessions...
Nov  8 13:25:44 proxy systemd: Stopped Permit User Sessions.
Nov  8 13:25:44 proxy systemd: Stopping Remote File Systems.
Nov  8 13:25:44 proxy systemd: Stopped target Remote File Systems.
Nov  8 13:25:45 proxy vboxadd-service: Stopping VirtualBox Guest Addition service [  OK  ][  OK  ]
Nov  8 13:25:45 proxy systemd: Stopped LSB: VirtualBox Additions service.
Nov  8 13:25:45 proxy systemd: Stopping LSB: VirtualBox Linux Additions kernel modules...
Nov  8 13:25:46 proxy vboxadd: Stopping VirtualBox Additions [  OK  ]
Nov  8 13:25:46 proxy systemd: Stopped LSB: VirtualBox Linux Additions kernel modules.
Nov  8 13:25:46 proxy systemd: Stopping Basic System.
Nov  8 13:25:46 proxy systemd: Stopped target Basic System.
Nov  8 13:25:46 proxy systemd: Stopping Slices.
Nov  8 13:25:46 proxy systemd: Stopped target Slices.
Nov  8 13:25:46 proxy systemd: Stopping User and Session Slice.
Nov  8 13:25:46 proxy systemd: Removed slice User and Session Slice.
Nov  8 13:25:46 proxy systemd: Stopping Paths.
Nov  8 13:25:46 proxy systemd: Stopped target Paths.
Nov  8 13:25:46 proxy systemd: Stopping Forward Password Requests to Wall Directory Watch.
Nov  8 13:25:46 proxy systemd: Stopped Forward Password Requests to Wall Directory Watch.
Nov  8 13:25:46 proxy systemd: Stopping Timers.
Nov  8 13:25:46 proxy systemd: Stopped target Timers.
Nov  8 13:25:46 proxy systemd: Stopping Daily Cleanup of Temporary Directories.
Nov  8 13:25:46 proxy systemd: Stopped Daily Cleanup of Temporary Directories.
Nov  8 13:25:46 proxy systemd: Stopping Sockets.
Nov  8 13:25:46 proxy systemd: Stopped target Sockets.
Nov  8 13:25:46 proxy systemd: Stopping PC/SC Smart Card Daemon Activation Socket.
Nov  8 13:25:46 proxy systemd: Closed PC/SC Smart Card Daemon Activation Socket.
Nov  8 13:25:46 proxy systemd: Stopping RPCbind Server Activation Socket.
Nov  8 13:25:46 proxy systemd: Closed RPCbind Server Activation Socket.
Nov  8 13:25:46 proxy systemd: Stopping D-Bus System Message Bus Socket.
Nov  8 13:25:46 proxy systemd: Closed D-Bus System Message Bus Socket.
Nov  8 13:25:46 proxy systemd: Stopping System Initialization.
Nov  8 13:25:46 proxy systemd: Stopped target System Initialization.
Nov  8 13:25:46 proxy systemd: Stopping Setup Virtual Console...
Nov  8 13:25:46 proxy systemd: Stopped Setup Virtual Console.
Nov  8 13:25:46 proxy systemd: Stopping Apply Kernel Variables...
Nov  8 13:25:46 proxy systemd: Stopped Apply Kernel Variables.
Nov  8 13:25:46 proxy systemd: Stopping Update UTMP about System Reboot/Shutdown...
Nov  8 13:25:46 proxy systemd: Stopping Encrypted Volumes.
Nov  8 13:25:46 proxy systemd: Stopped target Encrypted Volumes.
Nov  8 13:25:46 proxy systemd: Stopping Load/Save Random Seed...
Nov  8 13:25:46 proxy systemd: Stopping Swap.
Nov  8 13:25:46 proxy systemd: Stopped target Swap.
Nov  8 13:25:46 proxy systemd: Deactivating swap /dev/sda2...
Nov  8 13:25:46 proxy systemd: Deactivating swap /dev/sda2...
Nov  8 13:25:46 proxy systemd: Deactivating swap /dev/sda2...
Nov  8 13:25:46 proxy systemd: Stopping Forward Password Requests to Plymouth Directory Watch.
Nov  8 13:25:46 proxy systemd: Stopped Forward Password Requests to Plymouth Directory Watch.
Nov  8 13:25:46 proxy systemd: Stopped Update UTMP about System Reboot/Shutdown.
Nov  8 13:25:46 proxy systemd: Stopping Security Auditing Service...
Nov  8 13:25:46 proxy systemd: Stopped Load/Save Random Seed.
Nov  8 13:25:46 proxy auditd[326]: The audit daemon is exiting.
Nov  8 13:25:46 proxy kernel: audit: type=1305 audit(1415449546.382:605): audit_pid=0 old=326 auid=4294967295 ses=4294967295 subj=system_u:system_r:auditd_t:s0 res=1
Nov  8 13:25:46 proxy systemd: Stopped Security Auditing Service.
Nov  8 13:25:46 proxy systemd: Stopping Create Volatile Files and Directories...
Nov  8 13:25:46 proxy kernel: audit: type=1130 audit(1415449546.384:606): pid=1 uid=0 auid=4294967295 ses=4294967295 subj=system_u:system_r:init_t:s0 msg=' comm="auditd" exe="/usr/lib/systemd/systemd" hostname=? addr=? terminal=? res=success'
Nov  8 13:25:46 proxy kernel: audit: type=1131 audit(1415449546.384:607): pid=1 uid=0 auid=4294967295 ses=4294967295 subj=system_u:system_r:init_t:s0 msg=' comm="auditd" exe="/usr/lib/systemd/systemd" hostname=? addr=? terminal=? res=success'
Nov  8 13:25:46 proxy systemd: Stopped Create Volatile Files and Directories.
Nov  8 13:25:46 proxy systemd: Stopping Import network configuration from initramfs...
Nov  8 13:25:46 proxy systemd: Stopped Import network configuration from initramfs.
Nov  8 13:25:46 proxy systemd: Stopping Local File Systems.
Nov  8 13:25:46 proxy systemd: Stopped target Local File Systems.
Nov  8 13:25:46 proxy systemd: Unmounting /boot...
Nov  8 13:25:46 proxy systemd: Unmounting Temporary Directory...
Nov  8 13:25:46 proxy kernel: audit: type=1130 audit(1415449546.389:608): pid=1 uid=0 auid=4294967295 ses=4294967295 subj=system_u:system_r:init_t:s0 msg=' comm="systemd-tmpfiles-setup" exe="/usr/lib/systemd/systemd" hostname=? addr=? terminal=? res=success'
Nov  8 13:25:46 proxy kernel: audit: type=1131 audit(1415449546.389:609): pid=1 uid=0 auid=4294967295 ses=4294967295 subj=system_u:system_r:init_t:s0 msg=' comm="systemd-tmpfiles-setup" exe="/usr/lib/systemd/systemd" hostname=? addr=? terminal=? res=success'
Nov  8 13:25:46 proxy systemd: Stopping Configure read-only root support...
Nov  8 13:25:46 proxy systemd: Stopped Configure read-only root support.
Nov  8 13:25:46 proxy kernel: audit: type=1130 audit(1415449546.390:610): pid=1 uid=0 auid=4294967295 ses=4294967295 subj=system_u:system_r:init_t:s0 msg=' comm="fedora-import-state" exe="/usr/lib/systemd/systemd" hostname=? addr=? terminal=? res=success'
Nov  8 13:25:46 proxy kernel: audit: type=1131 audit(1415449546.390:611): pid=1 uid=0 auid=4294967295 ses=4294967295 subj=system_u:system_r:init_t:s0 msg=' comm="fedora-import-state" exe="/usr/lib/systemd/systemd" hostname=? addr=? terminal=? res=success'
Nov  8 13:25:46 proxy kernel: audit: type=1130 audit(1415449546.408:612): pid=1 uid=0 auid=4294967295 ses=4294967295 subj=system_u:system_r:init_t:s0 msg=' comm="fedora-readonly" exe="/usr/lib/systemd/systemd" hostname=? addr=? terminal=? res=success'
Nov  8 13:25:46 proxy kernel: audit: type=1131 audit(1415449546.408:613): pid=1 uid=0 auid=4294967295 ses=4294967295 subj=system_u:system_r:init_t:s0 msg=' comm="fedora-readonly" exe="/usr/lib/systemd/systemd" hostname=? addr=? terminal=? res=success'
Nov  8 13:25:46 proxy systemd: Deactivated swap /dev/sda2.
Nov  8 13:25:46 proxy systemd: Unmounted Temporary Directory.
Nov  8 13:25:46 proxy systemd: Deactivated swap /dev/disk/by-id/ata-VBOX_HARDDISK_VBa92d9285-228856c4-part2.
Nov  8 13:25:46 proxy systemd: Deactivated swap /dev/disk/by-uuid/d4cd1079-f02d-4c3b-b351-b126f6c0abfa.
Nov  8 13:25:46 proxy systemd: Unmounted /boot.
Nov  8 13:25:46 proxy systemd: Starting Unmount All Filesystems.
Nov  8 13:25:46 proxy systemd: Reached target Unmount All Filesystems.
Nov  8 13:25:46 proxy systemd: Stopping Local File Systems (Pre).
Nov  8 13:25:46 proxy systemd: Stopped target Local File Systems (Pre).
Nov  8 13:25:46 proxy systemd: Stopping Remount Root and Kernel File Systems...
Nov  8 13:25:46 proxy systemd: Stopped Remount Root and Kernel File Systems.
Nov  8 13:25:46 proxy systemd: Starting Shutdown.
Nov  8 13:25:46 proxy systemd: Reached target Shutdown.
Nov  8 13:25:46 proxy systemd: Starting Final Step.
Nov  8 13:25:46 proxy systemd: Reached target Final Step.
Nov  8 13:25:46 proxy systemd: Starting Reboot...
Nov  8 13:25:46 proxy systemd: Shutting down.
Nov  8 13:25:46 proxy journal: Journal stopped
Nov  3 22:11:00 proxy journal: Runtime journal is using 4.0M (max allowed 21.0M, trying to leave 31.5M free of 206.1M available → current limit 21.0M).
Nov  3 22:11:00 proxy journal: Runtime journal is using 4.0M (max allowed 21.0M, trying to leave 31.5M free of 206.1M available → current limit 21.0M).
Nov  3 22:11:00 proxy kernel: Initializing cgroup subsys cpuset
Nov  3 22:11:00 proxy kernel: Initializing cgroup subsys cpu
Nov  3 22:11:00 proxy kernel: Initializing cgroup subsys cpuacct
Nov  3 22:11:00 proxy kernel: Linux version 3.15.10-201.fc20.x86_64 (mockbuild@bkernel01.phx2.fedoraproject.org) (gcc version 4.8.3 20140624 (Red Hat 4.8.3-1) (GCC) ) #1 SMP Wed Aug 27 21:10:06 UTC 2014
Nov  3 22:11:00 proxy kernel: Command line: BOOT_IMAGE=/vmlinuz-3.15.10-201.fc20.x86_64 root=UUID=34fcec33-6d9f-4f86-ad2a-61a7b7f1fedd ro vconsole.font=latarcyrheb-sun16 rhgb quiet LANG=en_GB.UTF-8
Nov  3 22:11:00 proxy kernel: e820: BIOS-provided physical RAM map:
Nov  3 22:11:00 proxy kernel: BIOS-e820: [mem 0x0000000000000000-0x000000000009fbff] usable
Nov  3 22:11:00 proxy kernel: BIOS-e820: [mem 0x000000000009fc00-0x000000000009ffff] reserved
Nov  3 22:11:00 proxy kernel: BIOS-e820: [mem 0x00000000000f0000-0x00000000000fffff] reserved
Nov  3 22:11:00 proxy kernel: BIOS-e820: [mem 0x0000000000100000-0x000000001b9effff] usable
Nov  3 22:11:00 proxy kernel: BIOS-e820: [mem 0x000000001b9f0000-0x000000001b9fffff] ACPI data
Nov  3 22:11:00 proxy kernel: BIOS-e820: [mem 0x00000000fffc0000-0x00000000ffffffff] reserved
Nov  3 22:11:00 proxy kernel: NX (Execute Disable) protection: active
Nov  3 22:11:00 proxy kernel: SMBIOS 2.5 present.
Nov  3 22:11:00 proxy kernel: e820: last_pfn = 0x1b9f0 max_arch_pfn = 0x400000000
Nov  3 22:11:00 proxy kernel: x86 PAT enabled: cpu 0, old 0x7040600070406, new 0x7010600070106
Nov  3 22:11:00 proxy kernel: CPU MTRRs all blank - virtualized system.
Nov  3 22:11:00 proxy kernel: found SMP MP-table at [mem 0x0009fff0-0x0009ffff] mapped at [ffff88000009fff0]
Nov  3 22:11:00 proxy kernel: init_memory_mapping: [mem 0x00000000-0x000fffff]
Nov  3 22:11:00 proxy kernel: init_memory_mapping: [mem 0x1b600000-0x1b7fffff]
Nov  3 22:11:00 proxy kernel: init_memory_mapping: [mem 0x18000000-0x1b5fffff]
Nov  3 22:11:00 proxy kernel: init_memory_mapping: [mem 0x00100000-0x17ffffff]
Nov  3 22:11:00 proxy kernel: init_memory_mapping: [mem 0x1b800000-0x1b9effff]
Nov  3 22:11:00 proxy kernel: RAMDISK: [mem 0x1aab8000-0x1b34bfff]
Nov  3 22:11:00 proxy kernel: ACPI: RSDP 0x00000000000E0000 000024 (v02 VBOX  )
Nov  3 22:11:00 proxy kernel: ACPI: XSDT 0x000000001B9F0030 00003C (v01 VBOX   VBOXXSDT 00000001 ASL  00000061)
Nov  3 22:11:00 proxy kernel: ACPI: FACP 0x000000001B9F00F0 0000F4 (v04 VBOX   VBOXFACP 00000001 ASL  00000061)
Nov  3 22:11:00 proxy kernel: ACPI: DSDT 0x000000001B9F0470 001B96 (v01 VBOX   VBOXBIOS 00000002 INTL 20100528)
Nov  3 22:11:00 proxy kernel: ACPI: FACS 0x000000001B9F0200 000040
Nov  3 22:11:00 proxy kernel: ACPI: APIC 0x000000001B9F0240 000054 (v02 VBOX   VBOXAPIC 00000001 ASL  00000061)
Nov  3 22:11:00 proxy kernel: ACPI: SSDT 0x000000001B9F02A0 0001CC (v01 VBOX   VBOXCPUT 00000002 INTL 20100528)
Nov  3 22:11:00 proxy kernel: No NUMA configuration found
Nov  3 22:11:00 proxy kernel: Faking a node at [mem 0x0000000000000000-0x000000001b9effff]
Nov  3 22:11:00 proxy kernel: Initmem setup node 0 [mem 0x00000000-0x1b9effff]
Nov  3 22:11:00 proxy kernel:  NODE_DATA [mem 0x1b9dc000-0x1b9effff]
Nov  3 22:11:00 proxy kernel: Zone ranges:
Nov  3 22:11:00 proxy kernel:  DMA      [mem 0x00001000-0x00ffffff]
Nov  3 22:11:00 proxy kernel:  DMA32    [mem 0x01000000-0xffffffff]
Nov  3 22:11:00 proxy kernel:  Normal   empty
Nov  3 22:11:00 proxy kernel: Movable zone start for each node
Nov  3 22:11:00 proxy kernel: Early memory node ranges
Nov  3 22:11:00 proxy kernel:  node   0: [mem 0x00001000-0x0009efff]
Nov  3 22:11:00 proxy kernel:  node   0: [mem 0x00100000-0x1b9effff]
Nov  3 22:11:00 proxy kernel: ACPI: PM-Timer IO Port: 0x4008
Nov  3 22:11:00 proxy kernel: ACPI: LAPIC (acpi_id[0x00] lapic_id[0x00] enabled)
Nov  3 22:11:00 proxy kernel: ACPI: IOAPIC (id[0x01] address[0xfec00000] gsi_base[0])
Nov  3 22:11:00 proxy kernel: IOAPIC[0]: apic_id 1, version 17, address 0xfec00000, GSI 0-23
Nov  3 22:11:00 proxy kernel: ACPI: INT_SRC_OVR (bus 0 bus_irq 0 global_irq 2 dfl dfl)
Nov  3 22:11:00 proxy kernel: ACPI: INT_SRC_OVR (bus 0 bus_irq 9 global_irq 9 high level)
Nov  3 22:11:00 proxy kernel: Using ACPI (MADT) for SMP configuration information
Nov  3 22:11:00 proxy kernel: smpboot: Allowing 1 CPUs, 0 hotplug CPUs
Nov  3 22:11:00 proxy kernel: PM: Registered nosave memory: [mem 0x0009f000-0x0009ffff]
Nov  3 22:11:00 proxy kernel: PM: Registered nosave memory: [mem 0x000a0000-0x000effff]
Nov  3 22:11:00 proxy kernel: PM: Registered nosave memory: [mem 0x000f0000-0x000fffff]
Nov  3 22:11:00 proxy kernel: e820: [mem 0x1ba00000-0xfffbffff] available for PCI devices
Nov  3 22:11:00 proxy kernel: Booting paravirtualized kernel on bare hardware
Nov  3 22:11:00 proxy kernel: setup_percpu: NR_CPUS:1024 nr_cpumask_bits:1 nr_cpu_ids:1 nr_node_ids:1
Nov  3 22:11:00 proxy kernel: PERCPU: Embedded 29 pages/cpu @ffff88001b600000 s86976 r8192 d23616 u2097152
Nov  3 22:11:00 proxy kernel: Built 1 zonelists in Node order, mobility grouping on.  Total pages: 111249
Nov  3 22:11:00 proxy kernel: Policy zone: DMA32
Nov  3 22:11:00 proxy kernel: Kernel command line: BOOT_IMAGE=/vmlinuz-3.15.10-201.fc20.x86_64 root=UUID=34fcec33-6d9f-4f86-ad2a-61a7b7f1fedd ro vconsole.font=latarcyrheb-sun16 rhgb quiet LANG=en_GB.UTF-8
Nov  3 22:11:00 proxy kernel: PID hash table entries: 2048 (order: 2, 16384 bytes)
Nov  3 22:11:00 proxy kernel: Memory: 418132K/452152K available (7183K kernel code, 1112K rwdata, 3060K rodata, 1440K init, 1624K bss, 34020K reserved)
Nov  3 22:11:00 proxy kernel: SLUB: HWalign=64, Order=0-3, MinObjects=0, CPUs=1, Nodes=1
Nov  3 22:11:00 proxy kernel: Hierarchical RCU implementation.
Nov  3 22:11:00 proxy kernel: 	RCU restricting CPUs from NR_CPUS=1024 to nr_cpu_ids=1.
Nov  3 22:11:00 proxy kernel: RCU: Adjusting geometry for rcu_fanout_leaf=16, nr_cpu_ids=1
Nov  3 22:11:00 proxy kernel: NR_IRQS:65792 nr_irqs:256 16
Nov  3 22:11:00 proxy kernel: Console: colour VGA+ 80x25
Nov  3 22:11:00 proxy kernel: console [tty0] enabled
Nov  3 22:11:00 proxy kernel: allocated 2097152 bytes of page_cgroup
Nov  3 22:11:00 proxy kernel: please try 'cgroup_disable=memory' option if you don't want memory cgroups
Nov  3 22:11:00 proxy kernel: tsc: Fast TSC calibration using PIT
Nov  3 22:11:00 proxy kernel: tsc: Detected 2369.973 MHz processor
Nov  3 22:11:00 proxy kernel: Calibrating delay loop (skipped), value calculated using timer frequency.. 4739.94 BogoMIPS (lpj=2369973)
Nov  3 22:11:00 proxy kernel: pid_max: default: 32768 minimum: 301
Nov  3 22:11:00 proxy kernel: ACPI: Core revision 20140214
Nov  3 22:11:00 proxy kernel: ACPI: All ACPI Tables successfully acquired
Nov  3 22:11:00 proxy kernel: Security Framework initialized
Nov  3 22:11:00 proxy kernel: SELinux:  Initializing.
Nov  3 22:11:00 proxy kernel: Dentry cache hash table entries: 65536 (order: 7, 524288 bytes)
Nov  3 22:11:00 proxy kernel: Inode-cache hash table entries: 32768 (order: 6, 262144 bytes)
Nov  3 22:11:00 proxy kernel: Mount-cache hash table entries: 1024 (order: 1, 8192 bytes)
Nov  3 22:11:00 proxy kernel: Mountpoint-cache hash table entries: 1024 (order: 1, 8192 bytes)
Nov  3 22:11:00 proxy kernel: Initializing cgroup subsys memory
Nov  3 22:11:00 proxy kernel: Initializing cgroup subsys devices
Nov  3 22:11:00 proxy kernel: Initializing cgroup subsys freezer
Nov  3 22:11:00 proxy kernel: Initializing cgroup subsys net_cls
Nov  3 22:11:00 proxy kernel: Initializing cgroup subsys blkio
Nov  3 22:11:00 proxy kernel: Initializing cgroup subsys perf_event
Nov  3 22:11:00 proxy kernel: Initializing cgroup subsys net_prio
Nov  3 22:11:00 proxy kernel: Initializing cgroup subsys hugetlb
Nov  3 22:11:00 proxy kernel: mce: CPU supports 0 MCE banks
Nov  3 22:11:00 proxy kernel: Last level iTLB entries: 4KB 512, 2MB 8, 4MB 8
Nov  3 22:11:00 proxy kernel: Freeing SMP alternatives memory: 24K (ffffffff81e80000 - ffffffff81e86000)
Nov  3 22:11:00 proxy kernel: ftrace: allocating 26551 entries in 104 pages
Nov  3 22:11:00 proxy kernel: ..TIMER: vector=0x30 apic1=0 pin1=2 apic2=-1 pin2=-1
Nov  3 22:11:00 proxy kernel: smpboot: CPU0: Intel(R) Core(TM) i7-3630QM CPU @ 2.40GHz (fam: 06, model: 3a, stepping: 09)
Nov  3 22:11:00 proxy kernel: Performance Events: unsupported p6 CPU model 58 no PMU driver, software events only.
Nov  3 22:11:00 proxy kernel: x86: Booted up 1 node, 1 CPUs
Nov  3 22:11:00 proxy kernel: smpboot: Total of 1 processors activated (4739.94 BogoMIPS)
Nov  3 22:11:00 proxy kernel: NMI watchdog: disabled (cpu0): hardware events not enabled
Nov  3 22:11:00 proxy kernel: devtmpfs: initialized
Nov  3 22:11:00 proxy kernel: atomic64 test passed for x86-64 platform with CX8 and with SSE
Nov  3 22:11:00 proxy kernel: pinctrl core: initialized pinctrl subsystem
Nov  3 22:11:00 proxy kernel: RTC time: 21:10:59, date: 11/03/14
Nov  3 22:11:00 proxy kernel: NET: Registered protocol family 16
Nov  3 22:11:00 proxy kernel: cpuidle: using governor menu
Nov  3 22:11:00 proxy kernel: ACPI: bus type PCI registered
Nov  3 22:11:00 proxy kernel: acpiphp: ACPI Hot Plug PCI Controller Driver version: 0.5
Nov  3 22:11:00 proxy kernel: PCI: Using configuration type 1 for base access
Nov  3 22:11:00 proxy kernel: ACPI: Added _OSI(Module Device)
Nov  3 22:11:00 proxy kernel: ACPI: Added _OSI(Processor Device)
Nov  3 22:11:00 proxy kernel: ACPI: Added _OSI(3.0 _SCP Extensions)
Nov  3 22:11:00 proxy kernel: ACPI: Added _OSI(Processor Aggregator Device)
Nov  3 22:11:00 proxy kernel: ACPI: Executed 1 blocks of module-level executable AML code
Nov  3 22:11:00 proxy kernel: ACPI: Interpreter enabled
Nov  3 22:11:00 proxy kernel: ACPI Exception: AE_NOT_FOUND, While evaluating Sleep State [\_S1_] (20140214/hwxface-580)
Nov  3 22:11:00 proxy kernel: ACPI Exception: AE_NOT_FOUND, While evaluating Sleep State [\_S2_] (20140214/hwxface-580)
Nov  3 22:11:00 proxy kernel: ACPI Exception: AE_NOT_FOUND, While evaluating Sleep State [\_S3_] (20140214/hwxface-580)
Nov  3 22:11:00 proxy kernel: ACPI Exception: AE_NOT_FOUND, While evaluating Sleep State [\_S4_] (20140214/hwxface-580)
Nov  3 22:11:00 proxy kernel: ACPI: (supports S0 S5)
Nov  3 22:11:00 proxy kernel: ACPI: Using IOAPIC for interrupt routing
Nov  3 22:11:00 proxy kernel: PCI: Ignoring host bridge windows from ACPI; if necessary, use "pci=use_crs" and report a bug
Nov  3 22:11:00 proxy kernel: ACPI: PCI Root Bridge [PCI0] (domain 0000 [bus 00-ff])
Nov  3 22:11:00 proxy kernel: acpi PNP0A03:00: _OSC: OS supports [ASPM ClockPM Segments MSI]
Nov  3 22:11:00 proxy kernel: acpi PNP0A03:00: _OSC failed (AE_NOT_FOUND); disabling ASPM
Nov  3 22:11:00 proxy kernel: acpi PNP0A03:00: fail to add MMCONFIG information, can't access extended PCI configuration space under this bridge.
Nov  3 22:11:00 proxy kernel: PCI host bridge to bus 0000:00
Nov  3 22:11:00 proxy kernel: pci_bus 0000:00: root bus resource [bus 00-ff]
Nov  3 22:11:00 proxy kernel: pci_bus 0000:00: root bus resource [io  0x0000-0xffff]
Nov  3 22:11:00 proxy kernel: pci_bus 0000:00: root bus resource [mem 0x00000000-0xfffffffff]
Nov  3 22:11:00 proxy kernel: pci 0000:00:01.1: legacy IDE quirk: reg 0x10: [io  0x01f0-0x01f7]
Nov  3 22:11:00 proxy kernel: pci 0000:00:01.1: legacy IDE quirk: reg 0x14: [io  0x03f6]
Nov  3 22:11:00 proxy kernel: pci 0000:00:01.1: legacy IDE quirk: reg 0x18: [io  0x0170-0x0177]
Nov  3 22:11:00 proxy kernel: pci 0000:00:01.1: legacy IDE quirk: reg 0x1c: [io  0x0376]
Nov  3 22:11:00 proxy kernel: ACPI: PCI Interrupt Link [LNKA] (IRQs 5 9 10 *11)
Nov  3 22:11:00 proxy kernel: ACPI: PCI Interrupt Link [LNKB] (IRQs 5 9 10 *11)
Nov  3 22:11:00 proxy kernel: ACPI: PCI Interrupt Link [LNKC] (IRQs 5 9 *10 11)
Nov  3 22:11:00 proxy kernel: ACPI: PCI Interrupt Link [LNKD] (IRQs 5 *9 10 11)
Nov  3 22:11:00 proxy kernel: ACPI: Enabled 1 GPEs in block 00 to 07
Nov  3 22:11:00 proxy kernel: vgaarb: device added: PCI:0000:00:02.0,decodes=io+mem,owns=io+mem,locks=none
Nov  3 22:11:00 proxy kernel: vgaarb: loaded
Nov  3 22:11:00 proxy kernel: vgaarb: bridge control possible 0000:00:02.0
Nov  3 22:11:00 proxy kernel: SCSI subsystem initialized
Nov  3 22:11:00 proxy kernel: ACPI: bus type USB registered
Nov  3 22:11:00 proxy kernel: usbcore: registered new interface driver usbfs
Nov  3 22:11:00 proxy kernel: usbcore: registered new interface driver hub
Nov  3 22:11:00 proxy kernel: usbcore: registered new device driver usb
Nov  3 22:11:00 proxy kernel: PCI: Using ACPI for IRQ routing
Nov  3 22:11:00 proxy kernel: NetLabel: Initializing
Nov  3 22:11:00 proxy kernel: NetLabel:  domain hash size = 128
Nov  3 22:11:00 proxy kernel: NetLabel:  protocols = UNLABELED CIPSOv4
Nov  3 22:11:00 proxy kernel: NetLabel:  unlabeled traffic allowed by default
Nov  3 22:11:00 proxy kernel: Switched to clocksource refined-jiffies
Nov  3 22:11:00 proxy kernel: pnp: PnP ACPI init
Nov  3 22:11:00 proxy kernel: ACPI: bus type PNP registered
Nov  3 22:11:00 proxy kernel: pnp: PnP ACPI: found 4 devices
Nov  3 22:11:00 proxy kernel: ACPI: bus type PNP unregistered
Nov  3 22:11:00 proxy kernel: Switched to clocksource acpi_pm
Nov  3 22:11:00 proxy kernel: NET: Registered protocol family 2
Nov  3 22:11:00 proxy kernel: TCP established hash table entries: 4096 (order: 3, 32768 bytes)
Nov  3 22:11:00 proxy kernel: TCP bind hash table entries: 4096 (order: 4, 65536 bytes)
Nov  3 22:11:00 proxy kernel: TCP: Hash tables configured (established 4096 bind 4096)
Nov  3 22:11:00 proxy kernel: TCP: reno registered
Nov  3 22:11:00 proxy kernel: UDP hash table entries: 256 (order: 1, 8192 bytes)
Nov  3 22:11:00 proxy kernel: UDP-Lite hash table entries: 256 (order: 1, 8192 bytes)
Nov  3 22:11:00 proxy kernel: NET: Registered protocol family 1
Nov  3 22:11:00 proxy kernel: pci 0000:00:00.0: Limiting direct PCI/PCI transfers
Nov  3 22:11:00 proxy kernel: pci 0000:00:01.0: Activating ISA DMA hang workarounds
Nov  3 22:11:00 proxy kernel: Unpacking initramfs...
Nov  3 22:11:00 proxy kernel: Freeing initrd memory: 8784K (ffff88001aab8000 - ffff88001b34c000)
Nov  3 22:11:00 proxy kernel: platform rtc_cmos: registered platform RTC device (no PNP device found)
Nov  3 22:11:00 proxy kernel: RAPL PMU detected, hw unit 2^-0 Joules, API unit is 2^-32 Joules, 3 fixed counters 10737418240 ms ovfl timer
Nov  3 22:11:00 proxy kernel: futex hash table entries: 256 (order: 2, 16384 bytes)
Nov  3 22:11:00 proxy kernel: Initialise system trusted keyring
Nov  3 22:11:00 proxy kernel: audit: initializing netlink subsys (disabled)
Nov  3 22:11:00 proxy kernel: audit: type=2000 audit(1415049059.287:1): initialized
Nov  3 22:11:00 proxy kernel: HugeTLB registered 2 MB page size, pre-allocated 0 pages
Nov  3 22:11:00 proxy kernel: zbud: loaded
Nov  3 22:11:00 proxy kernel: VFS: Disk quotas dquot_6.5.2
Nov  3 22:11:00 proxy kernel: Dquot-cache hash table entries: 512 (order 0, 4096 bytes)
Nov  3 22:11:00 proxy kernel: msgmni has been set to 833
Nov  3 22:11:00 proxy kernel: Key type big_key registered
Nov  3 22:11:00 proxy kernel: alg: No test for stdrng (krng)
Nov  3 22:11:00 proxy kernel: NET: Registered protocol family 38
Nov  3 22:11:00 proxy kernel: Key type asymmetric registered
Nov  3 22:11:00 proxy kernel: Asymmetric key parser 'x509' registered
Nov  3 22:11:00 proxy kernel: Block layer SCSI generic (bsg) driver version 0.4 loaded (major 252)
Nov  3 22:11:00 proxy kernel: io scheduler noop registered
Nov  3 22:11:00 proxy kernel: io scheduler deadline registered
Nov  3 22:11:00 proxy kernel: io scheduler cfq registered (default)
Nov  3 22:11:00 proxy kernel: pci_hotplug: PCI Hot Plug PCI Core version: 0.5
Nov  3 22:11:00 proxy kernel: pciehp: PCI Express Hot Plug Controller Driver version: 0.4
Nov  3 22:11:00 proxy kernel: ACPI: AC Adapter [AC] (off-line)
Nov  3 22:11:00 proxy kernel: input: Power Button as /devices/LNXSYSTM:00/LNXPWRBN:00/input/input0
Nov  3 22:11:00 proxy kernel: ACPI: Power Button [PWRF]
Nov  3 22:11:00 proxy kernel: input: Sleep Button as /devices/LNXSYSTM:00/LNXSLPBN:00/input/input1
Nov  3 22:11:00 proxy kernel: ACPI: Sleep Button [SLPF]
Nov  3 22:11:00 proxy kernel: GHES: HEST is not enabled!
Nov  3 22:11:00 proxy kernel: Serial: 8250/16550 driver, 4 ports, IRQ sharing enabled
Nov  3 22:11:00 proxy kernel: Non-volatile memory driver v1.3
Nov  3 22:11:00 proxy kernel: Linux agpgart interface v0.103
Nov  3 22:11:00 proxy kernel: ahci 0000:00:0d.0: SSS flag set, parallel bus scan disabled
Nov  3 22:11:00 proxy kernel: ahci 0000:00:0d.0: AHCI 0001.0100 32 slots 1 ports 3 Gbps 0x1 impl SATA mode
Nov  3 22:11:00 proxy kernel: ahci 0000:00:0d.0: flags: 64bit ncq stag only ccc 
Nov  3 22:11:00 proxy kernel: ACPI: Battery Slot [BAT0] (battery present)
Nov  3 22:11:00 proxy kernel: scsi0 : ahci
Nov  3 22:11:00 proxy kernel: ata1: SATA max UDMA/133 abar m8192@0xf0842000 port 0xf0842100 irq 21
Nov  3 22:11:00 proxy kernel: scsi1 : ata_piix
Nov  3 22:11:00 proxy kernel: scsi2 : ata_piix
Nov  3 22:11:00 proxy kernel: ata2: PATA max UDMA/33 cmd 0x1f0 ctl 0x3f6 bmdma 0xd000 irq 14
Nov  3 22:11:00 proxy kernel: ata3: PATA max UDMA/33 cmd 0x170 ctl 0x376 bmdma 0xd008 irq 15
Nov  3 22:11:00 proxy kernel: libphy: Fixed MDIO Bus: probed
Nov  3 22:11:00 proxy kernel: ehci_hcd: USB 2.0 'Enhanced' Host Controller (EHCI) Driver
Nov  3 22:11:00 proxy kernel: ehci-pci: EHCI PCI platform driver
Nov  3 22:11:00 proxy kernel: ehci-pci 0000:00:0b.0: EHCI Host Controller
Nov  3 22:11:00 proxy kernel: ehci-pci 0000:00:0b.0: new USB bus registered, assigned bus number 1
Nov  3 22:11:00 proxy kernel: ehci-pci 0000:00:0b.0: irq 19, io mem 0xf0840000
Nov  3 22:11:00 proxy kernel: ehci-pci 0000:00:0b.0: USB 2.0 started, EHCI 1.00
Nov  3 22:11:00 proxy kernel: usb usb1: New USB device found, idVendor=1d6b, idProduct=0002
Nov  3 22:11:00 proxy kernel: usb usb1: New USB device strings: Mfr=3, Product=2, SerialNumber=1
Nov  3 22:11:00 proxy kernel: usb usb1: Product: EHCI Host Controller
Nov  3 22:11:00 proxy kernel: usb usb1: Manufacturer: Linux 3.15.10-201.fc20.x86_64 ehci_hcd
Nov  3 22:11:00 proxy kernel: usb usb1: SerialNumber: 0000:00:0b.0
Nov  3 22:11:00 proxy kernel: hub 1-0:1.0: USB hub found
Nov  3 22:11:00 proxy kernel: hub 1-0:1.0: 8 ports detected
Nov  3 22:11:00 proxy kernel: ohci_hcd: USB 1.1 'Open' Host Controller (OHCI) Driver
Nov  3 22:11:00 proxy kernel: ohci-pci: OHCI PCI platform driver
Nov  3 22:11:00 proxy kernel: ohci-pci 0000:00:06.0: OHCI PCI host controller
Nov  3 22:11:00 proxy kernel: ohci-pci 0000:00:06.0: new USB bus registered, assigned bus number 2
Nov  3 22:11:00 proxy kernel: ohci-pci 0000:00:06.0: irq 22, io mem 0xf0804000
Nov  3 22:11:00 proxy kernel: usb usb2: New USB device found, idVendor=1d6b, idProduct=0001
Nov  3 22:11:00 proxy kernel: usb usb2: New USB device strings: Mfr=3, Product=2, SerialNumber=1
Nov  3 22:11:00 proxy kernel: usb usb2: Product: OHCI PCI host controller
Nov  3 22:11:00 proxy kernel: usb usb2: Manufacturer: Linux 3.15.10-201.fc20.x86_64 ohci_hcd
Nov  3 22:11:00 proxy kernel: usb usb2: SerialNumber: 0000:00:06.0
Nov  3 22:11:00 proxy kernel: hub 2-0:1.0: USB hub found
Nov  3 22:11:00 proxy kernel: hub 2-0:1.0: 8 ports detected
Nov  3 22:11:00 proxy kernel: uhci_hcd: USB Universal Host Controller Interface driver
Nov  3 22:11:00 proxy kernel: usbcore: registered new interface driver usbserial
Nov  3 22:11:00 proxy kernel: usbcore: registered new interface driver usbserial_generic
Nov  3 22:11:00 proxy kernel: usbserial: USB Serial support registered for generic
Nov  3 22:11:00 proxy kernel: i8042: PNP: PS/2 Controller [PNP0303:PS2K,PNP0f03:PS2M] at 0x60,0x64 irq 1,12
Nov  3 22:11:00 proxy kernel: serio: i8042 KBD port at 0x60,0x64 irq 1
Nov  3 22:11:00 proxy kernel: serio: i8042 AUX port at 0x60,0x64 irq 12
Nov  3 22:11:00 proxy kernel: mousedev: PS/2 mouse device common for all mice
Nov  3 22:11:00 proxy kernel: input: AT Translated Set 2 keyboard as /devices/platform/i8042/serio0/input/input2
Nov  3 22:11:00 proxy kernel: rtc_cmos rtc_cmos: rtc core: registered rtc_cmos as rtc0
Nov  3 22:11:00 proxy kernel: rtc_cmos rtc_cmos: alarms up to one day, 114 bytes nvram
Nov  3 22:11:00 proxy kernel: device-mapper: uevent: version 1.0.3
Nov  3 22:11:00 proxy kernel: device-mapper: ioctl: 4.27.0-ioctl (2013-10-30) initialised: dm-devel@redhat.com
Nov  3 22:11:00 proxy kernel: hidraw: raw HID events driver (C) Jiri Kosina
Nov  3 22:11:00 proxy kernel: usbcore: registered new interface driver usbhid
Nov  3 22:11:00 proxy kernel: usbhid: USB HID core driver
Nov  3 22:11:00 proxy kernel: drop_monitor: Initializing network drop monitor service
Nov  3 22:11:00 proxy kernel: ip_tables: (C) 2000-2006 Netfilter Core Team
Nov  3 22:11:00 proxy kernel: TCP: cubic registered
Nov  3 22:11:00 proxy kernel: Initializing XFRM netlink socket
Nov  3 22:11:00 proxy kernel: NET: Registered protocol family 10
Nov  3 22:11:00 proxy kernel: mip6: Mobile IPv6
Nov  3 22:11:00 proxy kernel: NET: Registered protocol family 17
Nov  3 22:11:00 proxy kernel: Loading compiled-in X.509 certificates
Nov  3 22:11:00 proxy kernel: Loaded X.509 cert 'Fedora kernel signing key: face9a92c2a9899c33b6461913e84fedec86a817'
Nov  3 22:11:00 proxy kernel: registered taskstats version 1
Nov  3 22:11:00 proxy kernel:  Magic number: 6:101:196
Nov  3 22:11:00 proxy kernel: rtc_cmos rtc_cmos: setting system clock to 2014-11-03 21:11:00 UTC (1415049060)
Nov  3 22:11:00 proxy kernel: ata3.00: ATAPI: VBOX CD-ROM, 1.0, max UDMA/133
Nov  3 22:11:00 proxy kernel: ata3.00: configured for UDMA/33
Nov  3 22:11:00 proxy kernel: input: ImExPS/2 Generic Explorer Mouse as /devices/platform/i8042/serio1/input/input4
Nov  3 22:11:00 proxy kernel: ata1: SATA link up 3.0 Gbps (SStatus 123 SControl 300)
Nov  3 22:11:00 proxy kernel: ata1.00: ATA-6: VBOX HARDDISK, 1.0, max UDMA/133
Nov  3 22:11:00 proxy kernel: ata1.00: 61974176 sectors, multi 128: LBA48 NCQ (depth 31/32)
Nov  3 22:11:00 proxy kernel: ata1.00: configured for UDMA/133
Nov  3 22:11:00 proxy kernel: scsi 0:0:0:0: Direct-Access     ATA      VBOX HARDDISK    1.0  PQ: 0 ANSI: 5
Nov  3 22:11:00 proxy kernel: sd 0:0:0:0: Attached scsi generic sg0 type 0
Nov  3 22:11:00 proxy kernel: sd 0:0:0:0: [sda] 61974176 512-byte logical blocks: (31.7 GB/29.5 GiB)
Nov  3 22:11:00 proxy kernel: sd 0:0:0:0: [sda] Write Protect is off
Nov  3 22:11:00 proxy kernel: sd 0:0:0:0: [sda] Write cache: enabled, read cache: enabled, doesn't support DPO or FUA
Nov  3 22:11:00 proxy kernel: scsi 2:0:0:0: CD-ROM            VBOX     CD-ROM           1.0  PQ: 0 ANSI: 5
Nov  3 22:11:00 proxy kernel: sr0: scsi3-mmc drive: 32x/32x xa/form2 tray
Nov  3 22:11:00 proxy kernel: cdrom: Uniform CD-ROM driver Revision: 3.20
Nov  3 22:11:00 proxy kernel: sr 2:0:0:0: Attached scsi generic sg1 type 5
Nov  3 22:11:00 proxy kernel: sda: sda1 sda2 sda3
Nov  3 22:11:00 proxy kernel: sd 0:0:0:0: [sda] Attached SCSI disk
Nov  3 22:11:00 proxy kernel: Freeing unused kernel memory: 1440K (ffffffff81d18000 - ffffffff81e80000)
Nov  3 22:11:00 proxy kernel: Write protecting the kernel read-only data: 12288k
Nov  3 22:11:00 proxy kernel: Freeing unused kernel memory: 996K (ffff880001707000 - ffff880001800000)
Nov  3 22:11:00 proxy kernel: Freeing unused kernel memory: 1036K (ffff880001afd000 - ffff880001c00000)
Nov  3 22:11:00 proxy systemd[1]: systemd 208 running in system mode. (+PAM +LIBWRAP +AUDIT +SELINUX +IMA +SYSVINIT +LIBCRYPTSETUP +GCRYPT +ACL +XZ)
Nov  3 22:11:00 proxy systemd[1]: Detected virtualization 'oracle'.
Nov  3 22:11:00 proxy systemd[1]: Running in initial RAM disk.
Nov  3 22:11:00 proxy systemd[1]: Set hostname to <localhost.localdomain>.
Nov  3 22:11:00 proxy kernel: random: systemd urandom read with 17 bits of entropy available
Nov  3 22:11:00 proxy systemd[1]: Expecting device dev-disk-by\x2duuid-34fcec33\x2d6d9f\x2d4f86\x2dad2a\x2d61a7b7f1fedd.device...
Nov  3 22:11:00 proxy systemd[1]: Starting -.slice.
Nov  3 22:11:00 proxy systemd[1]: Created slice -.slice.
Nov  3 22:11:00 proxy systemd[1]: Starting System Slice.
Nov  3 22:11:00 proxy systemd[1]: Created slice System Slice.
Nov  3 22:11:00 proxy systemd[1]: Starting Slices.
Nov  3 22:11:00 proxy systemd[1]: Reached target Slices.
Nov  3 22:11:00 proxy systemd[1]: Starting Timers.
Nov  3 22:11:00 proxy systemd[1]: Reached target Timers.
Nov  3 22:11:00 proxy systemd[1]: Starting Journal Socket.
Nov  3 22:11:00 proxy systemd[1]: Listening on Journal Socket.
Nov  3 22:11:00 proxy systemd[1]: Starting dracut cmdline hook...
Nov  3 22:11:00 proxy systemd[1]: Started Load Kernel Modules.
Nov  3 22:11:00 proxy systemd[1]: Starting Create list of required static device nodes for the current kernel...
Nov  3 22:11:00 proxy systemd[1]: Starting Apply Kernel Variables...
Nov  3 22:11:00 proxy systemd[1]: Starting Journal Service...
Nov  3 22:11:00 proxy systemd[1]: Started Journal Service.
Nov  3 22:11:00 proxy journal: Journal started
Nov  3 22:11:00 proxy kernel: usb 2-1: new full-speed USB device number 2 using ohci-pci
Nov  3 22:11:00 proxy systemd: Starting Setup Virtual Console...
Nov  3 22:11:00 proxy systemd: Starting udev Kernel Socket.
Nov  3 22:11:00 proxy systemd: Listening on udev Kernel Socket.
Nov  3 22:11:00 proxy systemd: Starting udev Control Socket.
Nov  3 22:11:00 proxy systemd: Listening on udev Control Socket.
Nov  3 22:11:00 proxy systemd: Starting Sockets.
Nov  3 22:11:00 proxy systemd: Reached target Sockets.
Nov  3 22:11:00 proxy systemd: Starting Swap.
Nov  3 22:11:00 proxy systemd: Reached target Swap.
Nov  3 22:11:00 proxy systemd: Starting Local File Systems.
Nov  3 22:11:00 proxy systemd: Reached target Local File Systems.
Nov  3 22:11:00 proxy dracut-cmdline: dracut-20 (Heisenbug) dracut-037-11.git20140402.fc20
Nov  3 22:11:00 proxy dracut-cmdline: warn "Cancelling resume operation. Device not found.";
Nov  3 22:11:00 proxy systemd: Started dracut cmdline hook.
Nov  3 22:11:00 proxy systemd: Started dracut pre-udev hook.
Nov  3 22:11:00 proxy systemd: Starting udev Kernel Device Manager...
Nov  3 22:11:00 proxy systemd: Started udev Kernel Device Manager.
Nov  3 22:11:00 proxy systemd: Started dracut pre-trigger hook.
Nov  3 22:11:00 proxy systemd: Starting udev Coldplug all Devices...
Nov  3 22:11:00 proxy systemd: Started udev Coldplug all Devices.
Nov  3 22:11:00 proxy systemd: Starting dracut initqueue hook...
Nov  3 22:11:00 proxy systemd: Mounting Configuration File System...
Nov  3 22:11:00 proxy systemd: Mounted Configuration File System.
Nov  3 22:11:01 proxy systemd-udevd[125]: starting version 208
Nov  3 22:11:01 proxy kernel: usb 2-1: New USB device found, idVendor=80ee, idProduct=0021
Nov  3 22:11:01 proxy kernel: usb 2-1: New USB device strings: Mfr=1, Product=3, SerialNumber=0
Nov  3 22:11:01 proxy kernel: usb 2-1: Product: USB Tablet
Nov  3 22:11:01 proxy kernel: usb 2-1: Manufacturer: VirtualBox
Nov  3 22:11:01 proxy kernel: input: VirtualBox USB Tablet as /devices/pci0000:00/0000:00:06.0/usb2/2-1/2-1:1.0/0003:80EE:0021.0001/input/input5
Nov  3 22:11:01 proxy kernel: hid-generic 0003:80EE:0021.0001: input,hidraw0: USB HID v1.10 Mouse [VirtualBox USB Tablet] on usb-0000:00:06.0-1/input0
Nov  3 22:11:01 proxy systemd: Started Setup Virtual Console.
Nov  3 22:11:01 proxy systemd: Starting Show Plymouth Boot Screen...
Nov  3 22:11:01 proxy systemd: Starting System Initialization.
Nov  3 22:11:01 proxy systemd: Reached target System Initialization.
Nov  3 22:11:01 proxy systemd: Found device VBOX_HARDDISK.
Nov  3 22:11:01 proxy systemd: Started dracut initqueue hook.
Nov  3 22:11:01 proxy systemd: Starting dracut pre-mount hook...
Nov  3 22:11:01 proxy kernel: PM: Starting manual resume from disk
Nov  3 22:11:01 proxy systemd: Started dracut pre-mount hook.
Nov  3 22:11:01 proxy systemd: Mounting /sysroot...
Nov  3 22:11:01 proxy systemd: Received SIGRTMIN+20 from PID 157 (plymouthd).
Nov  3 22:11:01 proxy systemd: Started Show Plymouth Boot Screen.
Nov  3 22:11:01 proxy systemd: Started Dispatch Password Requests to Console Directory Watch.
Nov  3 22:11:01 proxy systemd: Starting Paths.
Nov  3 22:11:01 proxy systemd: Reached target Paths.
Nov  3 22:11:01 proxy systemd: Starting Forward Password Requests to Plymouth Directory Watch.
Nov  3 22:11:01 proxy systemd: Started Forward Password Requests to Plymouth Directory Watch.
Nov  3 22:11:01 proxy systemd: Starting Basic System.
Nov  3 22:11:01 proxy systemd: Reached target Basic System.
Nov  3 22:11:01 proxy systemd: Mounted /sysroot.
Nov  3 22:11:01 proxy systemd: Starting Initrd Root File System.
Nov  3 22:11:01 proxy systemd: Reached target Initrd Root File System.
Nov  3 22:11:01 proxy systemd: Starting Reload Configuration from the Real Root...
Nov  3 22:11:01 proxy kernel: EXT4-fs (sda3): mounted filesystem with ordered data mode. Opts: (null)
Nov  3 22:11:01 proxy systemd: Reloading.
Nov  3 22:11:01 proxy systemd: Started Reload Configuration from the Real Root.
Nov  3 22:11:01 proxy systemd: Starting Initrd File Systems.
Nov  3 22:11:01 proxy systemd: Reached target Initrd File Systems.
Nov  3 22:11:01 proxy systemd: Started dracut mount hook.
Nov  3 22:11:01 proxy systemd: Starting Initrd Default Target.
Nov  3 22:11:01 proxy systemd: Reached target Initrd Default Target.
Nov  3 22:11:01 proxy systemd: Starting dracut pre-pivot and cleanup hook...
Nov  3 22:11:01 proxy kernel: tsc: Refined TSC clocksource calibration: 2369.657 MHz
Nov  3 22:11:01 proxy systemd: Started dracut pre-pivot and cleanup hook.
Nov  3 22:11:01 proxy systemd: Starting Cleaning Up and Shutting Down Daemons...
Nov  3 22:11:01 proxy systemd: Stopping Cleaning Up and Shutting Down Daemons...
Nov  3 22:11:01 proxy systemd: Stopping dracut cmdline hook...
Nov  3 22:11:01 proxy systemd: Stopped dracut cmdline hook.
Nov  3 22:11:01 proxy systemd: Starting Plymouth switch root service...
Nov  3 22:11:01 proxy systemd: Stopped Cleaning Up and Shutting Down Daemons.
Nov  3 22:11:01 proxy systemd: Stopping dracut pre-pivot and cleanup hook...
Nov  3 22:11:01 proxy systemd: Stopped dracut pre-pivot and cleanup hook.
Nov  3 22:11:01 proxy systemd: Stopping dracut pre-mount hook...
Nov  3 22:11:01 proxy systemd: Stopped dracut pre-mount hook.
Nov  3 22:11:01 proxy systemd: Stopping dracut initqueue hook...
Nov  3 22:11:01 proxy systemd: Stopped dracut initqueue hook.
Nov  3 22:11:01 proxy systemd: Stopping Initrd Default Target.
Nov  3 22:11:01 proxy systemd: Stopped target Initrd Default Target.
Nov  3 22:11:01 proxy systemd: Stopping Basic System.
Nov  3 22:11:01 proxy systemd: Stopped target Basic System.
Nov  3 22:11:01 proxy systemd: Stopping Slices.
Nov  3 22:11:01 proxy systemd: Stopped target Slices.
Nov  3 22:11:01 proxy systemd: Stopping Paths.
Nov  3 22:11:01 proxy systemd: Stopped target Paths.
Nov  3 22:11:01 proxy systemd: Stopping Timers.
Nov  3 22:11:01 proxy systemd: Stopped target Timers.
Nov  3 22:11:01 proxy systemd: Stopping Sockets.
Nov  3 22:11:01 proxy systemd: Stopped target Sockets.
Nov  3 22:11:01 proxy systemd: Stopping System Initialization.
Nov  3 22:11:01 proxy systemd: Stopped target System Initialization.
Nov  3 22:11:01 proxy systemd: Stopping udev Coldplug all Devices...
Nov  3 22:11:01 proxy systemd: Stopped udev Coldplug all Devices.
Nov  3 22:11:01 proxy systemd: Stopping Apply Kernel Variables...
Nov  3 22:11:01 proxy systemd: Stopped Apply Kernel Variables.
Nov  3 22:11:01 proxy systemd: Stopping Swap.
Nov  3 22:11:01 proxy systemd: Stopped target Swap.
Nov  3 22:11:01 proxy systemd: Stopping Local File Systems.
Nov  3 22:11:01 proxy systemd: Stopped target Local File Systems.
Nov  3 22:11:01 proxy systemd: Stopping udev Kernel Device Manager...
Nov  3 22:11:01 proxy systemd: Stopped udev Kernel Device Manager.
Nov  3 22:11:01 proxy systemd: Stopping Create static device nodes in /dev...
Nov  3 22:11:01 proxy systemd: Stopped Create static device nodes in /dev.
Nov  3 22:11:01 proxy systemd: Stopping Create list of required static device nodes for the current kernel...
Nov  3 22:11:01 proxy systemd: Stopped Create list of required static device nodes for the current kernel.
Nov  3 22:11:01 proxy systemd: Stopping udev Control Socket.
Nov  3 22:11:01 proxy systemd: Closed udev Control Socket.
Nov  3 22:11:01 proxy systemd: Stopping udev Kernel Socket.
Nov  3 22:11:01 proxy systemd: Closed udev Kernel Socket.
Nov  3 22:11:01 proxy systemd: Starting Cleanup udevd DB...
Nov  3 22:11:01 proxy systemd: Started Cleanup udevd DB.
Nov  3 22:11:01 proxy systemd: Starting Switch Root.
Nov  3 22:11:01 proxy systemd: Reached target Switch Root.
Nov  3 22:11:01 proxy systemd: Started Plymouth switch root service.
Nov  3 22:11:01 proxy systemd: Starting Switch Root...
Nov  3 22:11:01 proxy systemd: Switching root.
Nov  3 22:11:01 proxy journal: Journal stopped
Nov  3 22:11:03 proxy journal: Runtime journal is using 4.0M (max allowed 21.0M, trying to leave 31.5M free of 206.1M available → current limit 21.0M).
Nov  3 22:11:03 proxy journal: Runtime journal is using 4.0M (max allowed 21.0M, trying to leave 31.5M free of 206.1M available → current limit 21.0M).
Nov  3 22:11:03 proxy systemd-journald[79]: Received SIGTERM
Nov  3 22:11:03 proxy kernel: random: nonblocking pool is initialized
Nov  3 22:11:03 proxy kernel: audit: type=1404 audit(1415049062.118:2): enforcing=1 old_enforcing=0 auid=4294967295 ses=4294967295
Nov  3 22:11:03 proxy kernel: audit: type=1403 audit(1415049062.322:3): policy loaded auid=4294967295 ses=4294967295
Nov  3 22:11:03 proxy systemd[1]: Successfully loaded SELinux policy in 228.555ms.
Nov  3 22:11:03 proxy kernel: Switched to clocksource tsc
Nov  3 22:11:03 proxy systemd[1]: Relabelled /dev and /run in 18.105ms.
Nov  3 22:11:03 proxy journal: Journal started
Nov  3 22:11:03 proxy systemd-cgroups-agent: Failed to get D-Bus connection: Failed to connect to socket /run/systemd/private: No such file or directory
Nov  3 22:11:03 proxy systemd-cgroups-agent: Failed to get D-Bus connection: Failed to connect to socket /run/systemd/private: No such file or directory
Nov  3 22:11:03 proxy systemd: systemd 208 running in system mode. (+PAM +LIBWRAP +AUDIT +SELINUX +IMA +SYSVINIT +LIBCRYPTSETUP +GCRYPT +ACL +XZ)
Nov  3 22:11:03 proxy systemd: Detected virtualization 'oracle'.
Nov  3 22:11:03 proxy systemd: Set hostname to <proxy>.
Nov  3 22:11:03 proxy systemd: Failed to open private bus connection: Failed to connect to socket /var/run/dbus/system_bus_socket: No such file or directory
Nov  3 22:11:03 proxy systemd: Started Create list of required static device nodes for the current kernel.
Nov  3 22:11:03 proxy systemd: Starting Create static device nodes in /dev...
Nov  3 22:11:03 proxy systemd: Started udev Coldplug all Devices.
Nov  3 22:11:03 proxy systemd: Started Apply Kernel Variables.
Nov  3 22:11:04 proxy systemd: Mounted Temporary Directory.
Nov  3 22:11:04 proxy systemd: Mounted POSIX Message Queue File System.
Nov  3 22:11:04 proxy systemd: Mounted Debug File System.
Nov  3 22:11:04 proxy systemd: Mounted Huge Pages File System.
Nov  3 22:11:04 proxy systemd: Started Create static device nodes in /dev.
Nov  3 22:11:04 proxy systemd: Starting udev Kernel Device Manager...
Nov  3 22:11:04 proxy systemd: Started udev Kernel Device Manager.
Nov  3 22:11:04 proxy systemd-udevd[264]: starting version 208
Nov  3 22:11:04 proxy systemd-fsck: /dev/sda3: clean, 98825/1806896 files, 855738/7216896 blocks
Nov  3 22:11:04 proxy systemd: Started File System Check on Root Device.
Nov  3 22:11:04 proxy systemd: Starting Remount Root and Kernel File Systems...
Nov  3 22:11:04 proxy kernel: EXT4-fs (sda3): re-mounted. Opts: (null)
Nov  3 22:11:04 proxy systemd: Started Remount Root and Kernel File Systems.
Nov  3 22:11:04 proxy systemd: Starting Import network configuration from initramfs...
Nov  3 22:11:04 proxy systemd: Starting Configure read-only root support...
Nov  3 22:11:04 proxy systemd: Starting Local File Systems (Pre).
Nov  3 22:11:04 proxy systemd: Reached target Local File Systems (Pre).
Nov  3 22:11:04 proxy systemd: Starting Load/Save Random Seed...
Nov  3 22:11:04 proxy kernel: RPC: Registered named UNIX socket transport module.
Nov  3 22:11:04 proxy kernel: RPC: Registered udp transport module.
Nov  3 22:11:04 proxy kernel: RPC: Registered tcp transport module.
Nov  3 22:11:04 proxy kernel: RPC: Registered tcp NFSv4.1 backchannel transport module.
Nov  3 22:11:04 proxy systemd: Mounted RPC Pipe File System.
Nov  3 22:11:05 proxy kernel: Installing knfsd (copyright (C) 1996 okir@monad.swb.de).
Nov  3 22:11:05 proxy systemd: Mounted RPC Pipe File System.
Nov  3 22:11:05 proxy systemd: Started Load/Save Random Seed.
Nov  3 22:11:05 proxy systemd: Started Configure read-only root support.
Nov  3 22:11:05 proxy kernel: piix4_smbus 0000:00:07.0: SMBus base address uninitialized - upgrade BIOS or use force_addr=0xaddr
Nov  3 22:11:05 proxy kernel: vboxguest: module verification failed: signature and/or  required key missing - tainting kernel
Nov  3 22:11:05 proxy kernel: input: Unspecified device as /devices/pci0000:00/0000:00:04.0/input/input6
Nov  3 22:11:05 proxy kernel: vboxguest: major 0, IRQ 20, I/O port d020, MMIO at 00000000f0400000 (size 0x400000)
Nov  3 22:11:06 proxy systemd: Started Import network configuration from initramfs.
Nov  3 22:11:06 proxy kernel: microcode: CPU0 sig=0x306a9, pf=0x2, revision=0x19
Nov  3 22:11:06 proxy kernel: [drm] Initialized drm 1.1.0 20060810
Nov  3 22:11:06 proxy kernel: parport_pc 00:03: reported by Plug and Play ACPI
Nov  3 22:11:06 proxy kernel: ppdev: user-space parallel port driver
Nov  3 22:11:06 proxy kernel: [drm] Supports vblank timestamp caching Rev 2 (21.10.2013).
Nov  3 22:11:06 proxy kernel: [drm] No driver support for vblank timestamp query.
Nov  3 22:11:06 proxy kernel: [drm] Initialized vboxvideo 1.0.0 20090303 for 0000:00:02.0 on minor 0
Nov  3 22:11:06 proxy kernel: microcode: CPU0 sig=0x306a9, pf=0x2, revision=0x19
Nov  3 22:11:06 proxy kernel: microcode: CPU0 update to revision 0x1b failed
Nov  3 22:11:06 proxy kernel: microcode: Microcode Update Driver: v2.00 <tigran@aivazian.fsnet.co.uk>, Peter Oruba
Nov  3 22:11:06 proxy kernel: e1000: Intel(R) PRO/1000 Network Driver - version 7.3.21-k8-NAPI
Nov  3 22:11:06 proxy kernel: e1000: Copyright (c) 1999-2006 Intel Corporation.
Nov  3 22:11:06 proxy kernel: e1000 0000:00:03.0 eth0: (PCI:33MHz:32-bit) 08:00:27:3e:d9:50
Nov  3 22:11:06 proxy kernel: e1000 0000:00:03.0 eth0: Intel(R) PRO/1000 Network Connection
Nov  3 22:11:07 proxy kernel: e1000 0000:00:08.0 eth1: (PCI:33MHz:32-bit) 08:00:27:22:09:15
Nov  3 22:11:07 proxy kernel: e1000 0000:00:08.0 eth1: Intel(R) PRO/1000 Network Connection
Nov  3 22:11:07 proxy systemd: Found device VBOX_HARDDISK.
Nov  3 22:11:07 proxy systemd: Starting File System Check on /dev/disk/by-uuid/97fcbee8-53f3-4dfa-baef-d12e17f11fe5...
Nov  3 22:11:07 proxy systemd-fsck: /dev/sda1: clean, 315/128016 files, 114974/512000 blocks
Nov  3 22:11:07 proxy systemd: Started File System Check on /dev/disk/by-uuid/97fcbee8-53f3-4dfa-baef-d12e17f11fe5.
Nov  3 22:11:07 proxy systemd: Mounting /boot...
Nov  3 22:11:07 proxy systemd-udevd[276]: renamed network interface eth1 to p7p1
Nov  3 22:11:07 proxy systemd-udevd[277]: renamed network interface eth0 to p2p1
Nov  3 22:11:07 proxy systemd: Found device VBOX_HARDDISK.
Nov  3 22:11:07 proxy systemd: Activating swap /dev/disk/by-uuid/d4cd1079-f02d-4c3b-b351-b126f6c0abfa...
Nov  3 22:11:07 proxy kernel: EXT4-fs (sda1): mounted filesystem with ordered data mode. Opts: (null)
Nov  3 22:11:07 proxy kernel: Adding 1605628k swap on /dev/sda2.  Priority:-1 extents:1 across:1605628k FS
Nov  3 22:11:07 proxy systemd: Activated swap /dev/disk/by-uuid/d4cd1079-f02d-4c3b-b351-b126f6c0abfa.
Nov  3 22:11:07 proxy systemd: Starting Swap.
Nov  3 22:11:07 proxy systemd: Reached target Swap.
Nov  3 22:11:07 proxy systemd: Mounted /boot.
Nov  3 22:11:07 proxy systemd: Starting Local File Systems.
Nov  3 22:11:07 proxy systemd: Reached target Local File Systems.
Nov  3 22:11:07 proxy systemd: Started Relabel all filesystems, if necessary.
Nov  3 22:11:07 proxy systemd: Started Reconfigure the system on administrator request.
Nov  3 22:11:07 proxy systemd: Started Mark the need to relabel after reboot.
Nov  3 22:11:07 proxy systemd: Starting Create Volatile Files and Directories...
Nov  3 22:11:07 proxy systemd: Starting Trigger Flushing of Journal to Persistent Storage...
Nov  3 22:11:07 proxy systemd: Starting Tell Plymouth To Write Out Runtime Data...
Nov  3 22:11:08 proxy journal: Permanent journal is using 96.0M (max allowed 2.6G, trying to leave 4.0G free of 22.8G available → current limit 2.6G).
Nov  3 22:11:08 proxy journal: Time spent on flushing to /var is 414.563ms for 658 entries.
Nov  3 22:11:08 proxy systemd: Started Trigger Flushing of Journal to Persistent Storage.
Nov  3 22:11:08 proxy systemd: Started Tell Plymouth To Write Out Runtime Data.
Nov  3 22:11:08 proxy systemd: Started Create Volatile Files and Directories.
Nov  3 22:11:08 proxy systemd: Starting Security Auditing Service...
Nov  3 22:11:08 proxy systemd: Started Security Auditing Service.
Nov  3 22:11:08 proxy systemd: Starting Update UTMP about System Reboot/Shutdown...
Nov  3 22:11:08 proxy systemd: Starting Sound Card.
Nov  3 22:11:08 proxy systemd: Reached target Sound Card.
Nov  3 22:11:08 proxy systemd: Started Update UTMP about System Reboot/Shutdown.
Nov  3 22:11:08 proxy systemd: Starting System Initialization.
Nov  3 22:11:08 proxy systemd: Reached target System Initialization.
Nov  3 22:11:08 proxy systemd: Starting Daily Cleanup of Temporary Directories.
Nov  3 22:11:08 proxy systemd: Started Daily Cleanup of Temporary Directories.
Nov  3 22:11:08 proxy systemd: Starting Timers.
Nov  3 22:11:08 proxy systemd: Reached target Timers.
Nov  3 22:11:08 proxy systemd: Starting PC/SC Smart Card Daemon Activation Socket.
Nov  3 22:11:08 proxy systemd: Listening on PC/SC Smart Card Daemon Activation Socket.
Nov  3 22:11:08 proxy systemd: Starting RPCbind Server Activation Socket.
Nov  3 22:11:08 proxy auditd[329]: Started dispatcher: /sbin/audispd pid: 338
Nov  3 22:11:08 proxy auditd[329]: Init complete, auditd 2.4 listening for events (startup state enable)
Nov  3 22:11:08 proxy audispd: audispd initialized with q_depth=150 and 1 active plugins
Nov  3 22:11:08 proxy kernel: snd_intel8x0 0000:00:05.0: intel8x0_measure_ac97_clock: measured 51123 usecs (14429 samples)
Nov  3 22:11:08 proxy systemd: Listening on RPCbind Server Activation Socket.
Nov  3 22:11:08 proxy systemd: Starting D-Bus System Message Bus Socket.
Nov  3 22:11:08 proxy systemd: Listening on D-Bus System Message Bus Socket.
Nov  3 22:11:08 proxy systemd: Starting Sockets.
Nov  3 22:11:08 proxy systemd: Reached target Sockets.
Nov  3 22:11:08 proxy systemd: Starting Basic System.
Nov  3 22:11:08 proxy systemd: Reached target Basic System.
Nov  3 22:11:08 proxy systemd: Starting LSB: VirtualBox Linux Additions kernel modules...
Nov  3 22:11:08 proxy systemd: Starting firewalld - dynamic firewall daemon...
Nov  3 22:11:08 proxy kernel: snd_intel8x0 0000:00:05.0: measured clock 282240 rejected
Nov  3 22:11:08 proxy auditctl: No rules
Nov  3 22:11:08 proxy auditctl: enabled 0
Nov  3 22:11:08 proxy auditctl: flag 1
Nov  3 22:11:08 proxy auditctl: pid 0
Nov  3 22:11:08 proxy auditctl: rate_limit 0
Nov  3 22:11:08 proxy auditctl: backlog_limit 320
Nov  3 22:11:08 proxy auditctl: lost 0
Nov  3 22:11:08 proxy auditctl: backlog 0
Nov  3 22:11:08 proxy kernel: snd_intel8x0 0000:00:05.0: intel8x0_measure_ac97_clock: measured 50996 usecs (14420 samples)
Nov  3 22:11:08 proxy kernel: snd_intel8x0 0000:00:05.0: measured clock 282767 rejected
Nov  3 22:11:08 proxy kernel: audit: type=1305 audit(1415049068.354:4): audit_pid=329 old=0 auid=4294967295 ses=4294967295 subj=system_u:system_r:auditd_t:s0 res=1
Nov  3 22:11:08 proxy kernel: snd_intel8x0 0000:00:05.0: intel8x0_measure_ac97_clock: measured 50944 usecs (14230 samples)
Nov  3 22:11:08 proxy kernel: snd_intel8x0 0000:00:05.0: measured clock 279326 rejected
Nov  3 22:11:08 proxy kernel: snd_intel8x0 0000:00:05.0: clocking to 48000
Nov  3 22:11:08 proxy systemd: Starting Permit User Sessions...
Nov  3 22:11:08 proxy systemd: Started Software RAID monitoring and management.
Nov  3 22:11:08 proxy systemd: Starting System Logging Service...
Nov  3 22:11:08 proxy systemd: Starting irqbalance daemon...
Nov  3 22:11:08 proxy systemd: Started irqbalance daemon.
Nov  3 22:11:08 proxy systemd: Starting Self Monitoring and Reporting Technology (SMART) Daemon...
Nov  3 22:11:08 proxy systemd: Started Self Monitoring and Reporting Technology (SMART) Daemon.
Nov  3 22:11:08 proxy systemd: Starting RPC bind service...
Nov  3 22:11:08 proxy systemd: Starting ABRT Automated Bug Reporting Tool...
Nov  3 22:11:08 proxy systemd: Started ABRT Automated Bug Reporting Tool.
Nov  3 22:11:08 proxy systemd: Starting ABRT kernel log watcher...
Nov  3 22:11:08 proxy systemd: Started ABRT kernel log watcher.
Nov  3 22:11:08 proxy systemd: Starting Install ABRT coredump hook...
Nov  3 22:11:08 proxy systemd: Starting Hardware RNG Entropy Gatherer Daemon...
Nov  3 22:11:08 proxy systemd: Started Hardware RNG Entropy Gatherer Daemon.
Nov  3 22:11:08 proxy systemd: Starting Machine Check Exception Logging Daemon...
Nov  3 22:11:08 proxy systemd: Started ABRT Xorg log watcher.
Nov  3 22:11:08 proxy systemd: Started Harvest vmcores for ABRT.
Nov  3 22:11:08 proxy systemd: Starting Login Service...
Nov  3 22:11:08 proxy systemd: Starting LSB: VirtualBox Linux Additions kernel modules...
Nov  3 22:11:08 proxy systemd: Starting D-Bus System Message Bus...
Nov  3 22:11:08 proxy systemd: Started D-Bus System Message Bus.
Nov  3 22:11:08 proxy systemd: Started Permit User Sessions.
Nov  3 22:11:08 proxy systemd: Starting Command Scheduler...
Nov  3 22:11:09 proxy /usr/sbin/irqbalance: Balancing is ineffective on systems with a single cpu.  Shutting down
Nov  3 22:11:09 proxy rngd: Unable to open file: /dev/tpm0
Nov  3 22:11:09 proxy rngd: can't open any entropy source
Nov  3 22:11:09 proxy rngd: Maybe RNG device modules are not loaded
Nov  3 22:11:09 proxy systemd: Started Command Scheduler.
Nov  3 22:11:09 proxy systemd: Starting Job spooling tools...
Nov  3 22:11:09 proxy systemd: Started Job spooling tools.
Nov  3 22:11:09 proxy systemd: Starting Terminate Plymouth Boot Screen...
Nov  3 22:11:09 proxy systemd: Starting Wait for Plymouth Boot Screen to Quit...
Nov  3 22:11:09 proxy systemd: Started LSB: VirtualBox Linux Additions kernel modules.
Nov  3 22:11:09 proxy systemd: Started Install ABRT coredump hook.
Nov  3 22:11:09 proxy systemd: rngd.service: main process exited, code=exited, status=1/FAILURE
Nov  3 22:11:09 proxy systemd: Unit rngd.service entered failed state.
Nov  3 22:11:09 proxy systemd: Received SIGRTMIN+21 from PID 157 (plymouthd).
Nov  3 22:11:09 proxy systemd: Started Terminate Plymouth Boot Screen.
Nov  3 22:11:09 proxy systemd: Started Wait for Plymouth Boot Screen to Quit.
Nov  3 22:11:09 proxy systemd: Starting Getty on tty1...
Nov  3 22:11:09 proxy systemd: Started Getty on tty1.
Nov  3 22:11:09 proxy systemd: Starting Login Prompts.
Nov  3 22:11:09 proxy systemd: Reached target Login Prompts.
Nov  3 22:11:09 proxy systemd: Started RPC bind service.
Nov  3 22:11:09 proxy systemd: Started Machine Check Exception Logging Daemon.
Nov  3 22:11:10 proxy smartd[369]: smartd 6.2 2014-07-16 r3952 [x86_64-linux-3.15.10-201.fc20.x86_64] (local build)
Nov  3 22:11:10 proxy smartd[369]: Copyright (C) 2002-13, Bruce Allen, Christian Franke, www.smartmontools.org
Nov  3 22:11:10 proxy smartd[369]: Opened configuration file /etc/smartmontools/smartd.conf
Nov  3 22:11:10 proxy smartd[369]: Configuration file /etc/smartmontools/smartd.conf was parsed, found DEVICESCAN, scanning devices
Nov  3 22:11:10 proxy smartd[369]: Device: /dev/sda, type changed from 'scsi' to 'sat'
Nov  3 22:11:10 proxy smartd[369]: Device: /dev/sda [SAT], opened
Nov  3 22:11:10 proxy smartd[369]: Device: /dev/sda [SAT], VBOX HARDDISK, S/N:VBa92d9285-228856c4, FW:1.0, 31.7 GB
Nov  3 22:11:10 proxy smartd[369]: Device: /dev/sda [SAT], not found in smartd database.
Nov  3 22:11:10 proxy smartd[369]: Device: /dev/sda [SAT], lacks SMART capability
Nov  3 22:11:10 proxy smartd[369]: Device: /dev/sda [SAT], to proceed anyway, use '-T permissive' Directive.
Nov  3 22:11:10 proxy smartd[369]: Monitoring 0 ATA and 0 SCSI devices
Nov  3 22:11:11 proxy vboxadd: Starting the VirtualBox Guest Additions [  OK  ]
Nov  3 22:11:11 proxy systemd: Started LSB: VirtualBox Linux Additions kernel modules.
Nov  3 22:11:11 proxy systemd: Starting LSB: VirtualBox Additions service...
Nov  3 22:11:11 proxy systemd-logind: Watching system buttons on /dev/input/event0 (Power Button)
Nov  3 22:11:11 proxy systemd-logind: Watching system buttons on /dev/input/event1 (Sleep Button)
Nov  3 22:11:11 proxy systemd-logind: New seat seat0.
Nov  3 22:11:11 proxy systemd: Started Login Service.
Nov  3 22:11:11 proxy systemd: Started System Logging Service.
Nov  8 13:26:07 proxy systemd: Time has been changed
Nov  8 13:26:08 proxy vboxadd-service: Starting VirtualBox Guest Addition service [  OK  ]
Nov  8 13:26:08 proxy systemd: Started LSB: VirtualBox Additions service.
Nov  8 13:26:09 proxy abrtd: Init complete, entering main loop
Nov  8 13:26:10 proxy kernel: [   15.129050] nf_conntrack version 0.5.0 (3362 buckets, 13448 max)
Nov  8 13:26:10 proxy kernel: nf_conntrack version 0.5.0 (3362 buckets, 13448 max)
Nov  8 13:26:10 proxy kernel: [   15.189364] ip6_tables: (C) 2000-2006 Netfilter Core Team
Nov  8 13:26:10 proxy kernel: ip6_tables: (C) 2000-2006 Netfilter Core Team
Nov  8 13:26:11 proxy kernel: [   15.991074] Ebtables v2.0 registered
Nov  8 13:26:11 proxy kernel: Ebtables v2.0 registered
Nov  8 13:26:11 proxy kernel: [   16.044063] Bridge firewalling registered
Nov  8 13:26:11 proxy kernel: Bridge firewalling registered
Nov  8 13:26:11 proxy systemd: Started firewalld - dynamic firewall daemon.
Nov  8 13:26:11 proxy systemd: Starting Network Manager...
Nov  8 13:26:12 proxy NetworkManager[486]: <info> NetworkManager (version 0.9.9.0-43.git20131003.fc20) is starting...
Nov  8 13:26:12 proxy NetworkManager[486]: <info> Read config: /etc/NetworkManager/NetworkManager.conf
Nov  8 13:26:12 proxy NetworkManager[486]: <info> WEXT support is enabled
Nov  8 13:26:12 proxy kernel: [   17.005823] cfg80211: Calling CRDA to update world regulatory domain
Nov  8 13:26:12 proxy kernel: cfg80211: Calling CRDA to update world regulatory domain
Nov  8 13:26:12 proxy kernel: [   17.062558] cfg80211: World regulatory domain updated:
Nov  8 13:26:12 proxy kernel: [   17.062561] cfg80211:  DFS Master region: unset
Nov  8 13:26:12 proxy kernel: [   17.062562] cfg80211:   (start_freq - end_freq @ bandwidth), (max_antenna_gain, max_eirp), (dfs_cac_time)
Nov  8 13:26:12 proxy kernel: [   17.062564] cfg80211:   (2402000 KHz - 2472000 KHz @ 40000 KHz), (N/A, 2000 mBm), (N/A)
Nov  8 13:26:12 proxy kernel: [   17.062566] cfg80211:   (2457000 KHz - 2482000 KHz @ 40000 KHz), (N/A, 2000 mBm), (N/A)
Nov  8 13:26:12 proxy kernel: [   17.062567] cfg80211:   (2474000 KHz - 2494000 KHz @ 20000 KHz), (N/A, 2000 mBm), (N/A)
Nov  8 13:26:12 proxy kernel: [   17.062568] cfg80211:   (5170000 KHz - 5250000 KHz @ 160000 KHz), (N/A, 2000 mBm), (N/A)
Nov  8 13:26:12 proxy kernel: [   17.062569] cfg80211:   (5250000 KHz - 5330000 KHz @ 160000 KHz), (N/A, 2000 mBm), (0 s)
Nov  8 13:26:12 proxy kernel: [   17.062571] cfg80211:   (5490000 KHz - 5730000 KHz @ 160000 KHz), (N/A, 2000 mBm), (0 s)
Nov  8 13:26:12 proxy kernel: [   17.062572] cfg80211:   (5735000 KHz - 5835000 KHz @ 80000 KHz), (N/A, 2000 mBm), (N/A)
Nov  8 13:26:12 proxy kernel: [   17.062573] cfg80211:   (57240000 KHz - 63720000 KHz @ 2160000 KHz), (N/A, 0 mBm), (N/A)
Nov  8 13:26:12 proxy kernel: cfg80211: World regulatory domain updated:
Nov  8 13:26:12 proxy kernel: cfg80211:  DFS Master region: unset
Nov  8 13:26:12 proxy kernel: cfg80211:   (start_freq - end_freq @ bandwidth), (max_antenna_gain, max_eirp), (dfs_cac_time)
Nov  8 13:26:12 proxy kernel: cfg80211:   (2402000 KHz - 2472000 KHz @ 40000 KHz), (N/A, 2000 mBm), (N/A)
Nov  8 13:26:12 proxy kernel: cfg80211:   (2457000 KHz - 2482000 KHz @ 40000 KHz), (N/A, 2000 mBm), (N/A)
Nov  8 13:26:12 proxy kernel: cfg80211:   (2474000 KHz - 2494000 KHz @ 20000 KHz), (N/A, 2000 mBm), (N/A)
Nov  8 13:26:12 proxy kernel: cfg80211:   (5170000 KHz - 5250000 KHz @ 160000 KHz), (N/A, 2000 mBm), (N/A)
Nov  8 13:26:12 proxy kernel: cfg80211:   (5250000 KHz - 5330000 KHz @ 160000 KHz), (N/A, 2000 mBm), (0 s)
